<html>
<body>
<pre>
<h1>礦ision Build Log</h1>
<h2>Tool Versions:</h2>
IDE-Version: μVision V5.39.0.0
Copyright (C) 2023 ARM Ltd and ARM Germany GmbH. All rights reserved.
License Information: 1 1, 1, LIC=UJWP0-B6GM2-QDDKD-8MSLD-0TQ5V-VC31T
 
Tool Versions:
Toolchain:       MDK-ARM Plus  Version: 5.14.0.0
Toolchain Path:  D:\keil\ARM\arm compiler 5\Bin
C Compiler:      Armcc.exe V5.06 update 7 (build 960)
Assembler:       Armasm.exe V5.06 update 7 (build 960)
Linker/Locator:  ArmLink.exe V5.06 update 7 (build 960)
Library Manager: ArmAr.exe V5.06 update 7 (build 960)
Hex Converter:   FromElf.exe V5.06 update 7 (build 960)
CPU DLL:         SARMCM3.DLL V5.14.0.0
Dialog DLL:      DCM.DLL V1.13.1.0
Target DLL:      STLink\ST-LINKIII-KEIL_SWO.dll V3.2.0.0
Dialog DLL:      TCM.DLL V1.14.4.0
 
<h2>Project:</h2>
D:\project_all\IAP\stm32f407zgt6_bootloader\USER\Template.uvprojx
Project File Date:  12/30/2024

<h2>Output:</h2>
*** Using Compiler 'V5.06 update 7 (build 960)', folder: 'D:\keil\ARM\arm compiler 5\Bin'
Build target 'Template'
compiling iap.c...
..\IAP\src\iap.c(150): warning:  #550-D: variable "USART_InitStructure"  was set but never used
      USART_InitTypeDef USART_InitStructure;
..\IAP\src\iap.c(199): warning:  #550-D: variable "reset_handler"  was set but never used
      uint32_t reset_handler;   // 复位处理函数的地址
..\IAP\src\iap.c(405): warning:  #177-D: variable "erase_cont"  was declared but never referenced
  	uint8_t erase_cont[3] = {0};
..\IAP\src\iap.c: 3 warnings, 0 errors
linking...
Program Size: Code=12872 RO-data=484 RW-data=80 ZI-data=3112  
FromELF: creating hex file...
After Build - User command #1: fromelf --bin -o ".\bin_file\Template.bin" "..\OBJ\Template.axf"
"..\OBJ\Template.axf" - 0 Error(s), 3 Warning(s).

<h2>Software Packages used:</h2>

Package Vendor: Keil
                https://www.keil.com/pack/Keil.STM32F4xx_DFP.2.17.1.pack
                Keil::STM32F4xx_DFP@2.17.1
                STMicroelectronics STM32F4 Series Device Support, Drivers and Examples

<h2>Collection of Component include folders:</h2>
  D:/keil/Keil/STM32F4xx_DFP/2.17.1/Drivers/CMSIS/Device/ST/STM32F4xx/Include

<h2>Collection of Component Files used:</h2>
Build Time Elapsed:  00:00:02
</pre>
</body>
</html>
