Component: ARM Compiler 5.06 update 7 (build 960) Tool: armlink [4d3601]

==============================================================================

Section Cross References

    main.o(.text) refers to _printf_percent.o(.ARM.Collect$$_printf_percent$$00000000) for _printf_percent
    main.o(.text) refers to _printf_f.o(.ARM.Collect$$_printf_percent$$00000003) for _printf_f
    main.o(.text) refers to printf1.o(x$fpl$printf1) for _printf_fp_dec
    main.o(.text) refers to misc.o(.text) for NVIC_SetVectorTable
    main.o(.text) refers to usart.o(.text) for uart_init
    main.o(.text) refers to delay.o(.text) for delay_init
    main.o(.text) refers to hc_sr04.o(.text) for HC_SR04_Init
    main.o(.text) refers to f2d.o(x$fpl$f2d) for __aeabi_f2d
    main.o(.text) refers to noretval__2printf.o(.text) for __2printf
    system_stm32f4xx.o(.text) refers to system_stm32f4xx.o(.data) for SystemCoreClock
    hc_sr04.o(.text) refers to stm32f4xx_rcc.o(.text) for RCC_AHB1PeriphClockCmd
    hc_sr04.o(.text) refers to stm32f4xx_gpio.o(.text) for GPIO_Init
    hc_sr04.o(.text) refers to stm32f4xx_tim.o(.text) for TIM_TimeBaseInit
    hc_sr04.o(.text) refers to misc.o(.text) for NVIC_Init
    hc_sr04.o(.text) refers to delay.o(.text) for delay_us
    hc_sr04.o(.text) refers to dflt_clz.o(x$fpl$dfltu) for __aeabi_ui2d
    hc_sr04.o(.text) refers to dmul.o(x$fpl$dmul) for __aeabi_dmul
    hc_sr04.o(.text) refers to ddiv.o(x$fpl$ddiv) for __aeabi_ddiv
    hc_sr04.o(.text) refers to d2f.o(x$fpl$d2f) for __aeabi_d2f
    hc_sr04.o(.text) refers to hc_sr04.o(.data) for isCaptured
    startup_stm32f40_41xxx.o(STACK) refers (Special) to heapauxi.o(.text) for __use_two_region_memory
    startup_stm32f40_41xxx.o(HEAP) refers (Special) to heapauxi.o(.text) for __use_two_region_memory
    startup_stm32f40_41xxx.o(RESET) refers (Special) to heapauxi.o(.text) for __use_two_region_memory
    startup_stm32f40_41xxx.o(RESET) refers to startup_stm32f40_41xxx.o(STACK) for __initial_sp
    startup_stm32f40_41xxx.o(RESET) refers to startup_stm32f40_41xxx.o(.text) for Reset_Handler
    startup_stm32f40_41xxx.o(RESET) refers to stm32f4xx_it.o(.text) for NMI_Handler
    startup_stm32f40_41xxx.o(RESET) refers to usart.o(.text) for USART1_IRQHandler
    startup_stm32f40_41xxx.o(RESET) refers to hc_sr04.o(.text) for TIM8_UP_TIM13_IRQHandler
    startup_stm32f40_41xxx.o(.text) refers (Special) to heapauxi.o(.text) for __use_two_region_memory
    startup_stm32f40_41xxx.o(.text) refers to system_stm32f4xx.o(.text) for SystemInit
    startup_stm32f40_41xxx.o(.text) refers to __main.o(!!!main) for __main
    startup_stm32f40_41xxx.o(.text) refers to startup_stm32f40_41xxx.o(HEAP) for Heap_Mem
    startup_stm32f40_41xxx.o(.text) refers to startup_stm32f40_41xxx.o(STACK) for Stack_Mem
    stm32f4xx_adc.o(.text) refers to stm32f4xx_rcc.o(.text) for RCC_APB2PeriphResetCmd
    stm32f4xx_can.o(.text) refers to stm32f4xx_rcc.o(.text) for RCC_APB1PeriphResetCmd
    stm32f4xx_cryp.o(.text) refers to stm32f4xx_rcc.o(.text) for RCC_AHB2PeriphResetCmd
    stm32f4xx_cryp_aes.o(.text) refers to stm32f4xx_cryp.o(.text) for CRYP_KeyStructInit
    stm32f4xx_cryp_des.o(.text) refers to stm32f4xx_cryp.o(.text) for CRYP_KeyStructInit
    stm32f4xx_cryp_tdes.o(.text) refers to stm32f4xx_cryp.o(.text) for CRYP_KeyStructInit
    stm32f4xx_dac.o(.text) refers to stm32f4xx_rcc.o(.text) for RCC_APB1PeriphResetCmd
    stm32f4xx_dma2d.o(.text) refers to stm32f4xx_rcc.o(.text) for RCC_AHB1PeriphResetCmd
    stm32f4xx_fsmc.o(.text) refers to stm32f4xx_fsmc.o(.constdata) for FSMC_DefaultTimingStruct
    stm32f4xx_gpio.o(.text) refers to stm32f4xx_rcc.o(.text) for RCC_AHB1PeriphResetCmd
    stm32f4xx_hash.o(.text) refers to stm32f4xx_rcc.o(.text) for RCC_AHB2PeriphResetCmd
    stm32f4xx_hash_md5.o(.text) refers to stm32f4xx_hash.o(.text) for HASH_DeInit
    stm32f4xx_hash_sha1.o(.text) refers to stm32f4xx_hash.o(.text) for HASH_DeInit
    stm32f4xx_i2c.o(.text) refers to stm32f4xx_rcc.o(.text) for RCC_APB1PeriphResetCmd
    stm32f4xx_ltdc.o(.text) refers to stm32f4xx_rcc.o(.text) for RCC_APB2PeriphResetCmd
    stm32f4xx_pwr.o(.text) refers to stm32f4xx_rcc.o(.text) for RCC_APB1PeriphResetCmd
    stm32f4xx_rcc.o(.text) refers to stm32f4xx_rcc.o(.data) for APBAHBPrescTable
    stm32f4xx_rng.o(.text) refers to stm32f4xx_rcc.o(.text) for RCC_AHB2PeriphResetCmd
    stm32f4xx_sai.o(.text) refers to stm32f4xx_rcc.o(.text) for RCC_APB2PeriphResetCmd
    stm32f4xx_sdio.o(.text) refers to stm32f4xx_rcc.o(.text) for RCC_APB2PeriphResetCmd
    stm32f4xx_spi.o(.text) refers to stm32f4xx_rcc.o(.text) for RCC_APB2PeriphResetCmd
    stm32f4xx_syscfg.o(.text) refers to stm32f4xx_rcc.o(.text) for RCC_APB2PeriphResetCmd
    stm32f4xx_tim.o(.text) refers to stm32f4xx_rcc.o(.text) for RCC_APB2PeriphResetCmd
    stm32f4xx_usart.o(.text) refers to stm32f4xx_rcc.o(.text) for RCC_APB2PeriphResetCmd
    stm32f4xx_wwdg.o(.text) refers to stm32f4xx_rcc.o(.text) for RCC_APB1PeriphResetCmd
[...]
    ..\FWLIB\src\stm32f4xx_wwdg.c            0x00000000   Number         0  stm32f4xx_wwdg.o ABSOLUTE
    ..\IAP\iap.c                             0x00000000   Number         0  iap.o ABSOLUTE
    ..\IAP\stmflash.c                        0x00000000   Number         0  stmflash.o ABSOLUTE
    ..\SYSTEM\delay\delay.c                  0x00000000   Number         0  delay.o ABSOLUTE
    ..\SYSTEM\sys\sys.c                      0x00000000   Number         0  sys.o ABSOLUTE
    ..\SYSTEM\usart\usart.c                  0x00000000   Number         0  usart.o ABSOLUTE
    ..\\FWLIB\\src\\misc.c                   0x00000000   Number         0  misc.o ABSOLUTE
    ..\\FWLIB\\src\\stm32f4xx_adc.c          0x00000000   Number         0  stm32f4xx_adc.o ABSOLUTE
    ..\\FWLIB\\src\\stm32f4xx_can.c          0x00000000   Number         0  stm32f4xx_can.o ABSOLUTE
    ..\\FWLIB\\src\\stm32f4xx_crc.c          0x00000000   Number         0  stm32f4xx_crc.o ABSOLUTE
    ..\\FWLIB\\src\\stm32f4xx_cryp.c         0x00000000   Number         0  stm32f4xx_cryp.o ABSOLUTE
    ..\\FWLIB\\src\\stm32f4xx_cryp_aes.c     0x00000000   Number         0  stm32f4xx_cryp_aes.o ABSOLUTE
    ..\\FWLIB\\src\\stm32f4xx_cryp_des.c     0x00000000   Number         0  stm32f4xx_cryp_des.o ABSOLUTE
    ..\\FWLIB\\src\\stm32f4xx_cryp_tdes.c    0x00000000   Number         0  stm32f4xx_cryp_tdes.o ABSOLUTE
    ..\\FWLIB\\src\\stm32f4xx_dac.c          0x00000000   Number         0  stm32f4xx_dac.o ABSOLUTE
    ..\\FWLIB\\src\\stm32f4xx_dbgmcu.c       0x00000000   Number         0  stm32f4xx_dbgmcu.o ABSOLUTE
    ..\\FWLIB\\src\\stm32f4xx_dcmi.c         0x00000000   Number         0  stm32f4xx_dcmi.o ABSOLUTE
    ..\\FWLIB\\src\\stm32f4xx_dma.c          0x00000000   Number         0  stm32f4xx_dma.o ABSOLUTE
    ..\\FWLIB\\src\\stm32f4xx_dma2d.c        0x00000000   Number         0  stm32f4xx_dma2d.o ABSOLUTE
    ..\\FWLIB\\src\\stm32f4xx_exti.c         0x00000000   Number         0  stm32f4xx_exti.o ABSOLUTE
    ..\\FWLIB\\src\\stm32f4xx_flash.c        0x00000000   Number         0  stm32f4xx_flash.o ABSOLUTE
    ..\\FWLIB\\src\\stm32f4xx_flash_ramfunc.c 0x00000000   Number         0  stm32f4xx_flash_ramfunc.o ABSOLUTE
    ..\\FWLIB\\src\\stm32f4xx_fsmc.c         0x00000000   Number         0  stm32f4xx_fsmc.o ABSOLUTE
    ..\\FWLIB\\src\\stm32f4xx_gpio.c         0x00000000   Number         0  stm32f4xx_gpio.o ABSOLUTE
    ..\\FWLIB\\src\\stm32f4xx_hash.c         0x00000000   Number         0  stm32f4xx_hash.o ABSOLUTE
    ..\\FWLIB\\src\\stm32f4xx_hash_md5.c     0x00000000   Number         0  stm32f4xx_hash_md5.o ABSOLUTE
    ..\\FWLIB\\src\\stm32f4xx_hash_sha1.c    0x00000000   Number         0  stm32f4xx_hash_sha1.o ABSOLUTE
    ..\\FWLIB\\src\\stm32f4xx_i2c.c          0x00000000   Number         0  stm32f4xx_i2c.o ABSOLUTE
    ..\\FWLIB\\src\\stm32f4xx_iwdg.c         0x00000000   Number         0  stm32f4xx_iwdg.o ABSOLUTE
    ..\\FWLIB\\src\\stm32f4xx_ltdc.c         0x00000000   Number         0  stm32f4xx_ltdc.o ABSOLUTE
    ..\\FWLIB\\src\\stm32f4xx_pwr.c          0x00000000   Number         0  stm32f4xx_pwr.o ABSOLUTE
    ..\\FWLIB\\src\\stm32f4xx_rcc.c          0x00000000   Number         0  stm32f4xx_rcc.o ABSOLUTE
    ..\\FWLIB\\src\\stm32f4xx_rng.c          0x00000000   Number         0  stm32f4xx_rng.o ABSOLUTE
    ..\\FWLIB\\src\\stm32f4xx_rtc.c          0x00000000   Number         0  stm32f4xx_rtc.o ABSOLUTE
    ..\\FWLIB\\src\\stm32f4xx_sai.c          0x00000000   Number         0  stm32f4xx_sai.o ABSOLUTE
    ..\\FWLIB\\src\\stm32f4xx_sdio.c         0x00000000   Number         0  stm32f4xx_sdio.o ABSOLUTE
    ..\\FWLIB\\src\\stm32f4xx_spi.c          0x00000000   Number         0  stm32f4xx_spi.o ABSOLUTE
    ..\\FWLIB\\src\\stm32f4xx_syscfg.c       0x00000000   Number         0  stm32f4xx_syscfg.o ABSOLUTE
    ..\\FWLIB\\src\\stm32f4xx_tim.c          0x00000000   Number         0  stm32f4xx_tim.o ABSOLUTE
    ..\\FWLIB\\src\\stm32f4xx_usart.c        0x00000000   Number         0  stm32f4xx_usart.o ABSOLUTE
    ..\\FWLIB\\src\\stm32f4xx_wwdg.c         0x00000000   Number         0  stm32f4xx_wwdg.o ABSOLUTE
    ..\\IAP\\iap.c                           0x00000000   Number         0  iap.o ABSOLUTE
    ..\\IAP\\stmflash.c                      0x00000000   Number         0  stmflash.o ABSOLUTE
    ..\\SYSTEM\\delay\\delay.c               0x00000000   Number         0  delay.o ABSOLUTE
    ..\\SYSTEM\\sys\\sys.c                   0x00000000   Number         0  sys.o ABSOLUTE
    ..\\SYSTEM\\usart\\usart.c               0x00000000   Number         0  usart.o ABSOLUTE
    HC_SR04.c                                0x00000000   Number         0  hc_sr04.o ABSOLUTE
    HC_SR04.c                                0x00000000   Number         0  hc_sr04.o ABSOLUTE
    dc.s                                     0x00000000   Number         0  dc.o ABSOLUTE
    main.c                                   0x00000000   Number         0  main.o ABSOLUTE
    main.c                                   0x00000000   Number         0  main.o ABSOLUTE
    stm32f4xx_it.c                           0x00000000   Number         0  stm32f4xx_it.o ABSOLUTE
    stm32f4xx_it.c                           0x00000000   Number         0  stm32f4xx_it.o ABSOLUTE
    system_stm32f4xx.c                       0x00000000   Number         0  system_stm32f4xx.o ABSOLUTE
    system_stm32f4xx.c                       0x00000000   Number         0  system_stm32f4xx.o ABSOLUTE
    RESET                                    0x08010000   Section      392  startup_stm32f40_41xxx.o(RESET)
    !!!main                                  0x08010188   Section        8  __main.o(!!!main)
    !!!scatter                               0x08010190   Section       52  __scatter.o(!!!scatter)
    !!handler_copy                           0x080101c4   Section       26  __scatter_copy.o(!!handler_copy)
    !!handler_zi                             0x080101e0   Section       28  __scatter_zi.o(!!handler_zi)
    .ARM.Collect$$_printf_percent$$00000000  0x080101fc   Section        0  _printf_percent.o(.ARM.Collect$$_printf_percent$$00000000)
    .ARM.Collect$$_printf_percent$$00000003  0x080101fc   Section        6  _printf_f.o(.ARM.Collect$$_printf_percent$$00000003)
    .ARM.Collect$$_printf_percent$$00000017  0x08010202   Section        4  _printf_percent_end.o(.ARM.Collect$$_printf_percent$$00000017)
    .ARM.Collect$$libinit$$00000000          0x08010206   Section        2  libinit.o(.ARM.Collect$$libinit$$00000000)
    .ARM.Collect$$libinit$$00000001          0x08010208   Section        4  libinit2.o(.ARM.Collect$$libinit$$00000001)
    .ARM.Collect$$libinit$$00000004          0x0801020c   Section        0  libinit2.o(.ARM.Collect$$libinit$$00000004)
    .ARM.Collect$$libinit$$0000000A          0x0801020c   Section        0  libinit2.o(.ARM.Collect$$libinit$$0000000A)
    .ARM.Collect$$libinit$$0000000C          0x0801020c   Section        0  libinit2.o(.ARM.Collect$$libinit$$0000000C)
    .ARM.Collect$$libinit$$0000000E          0x0801020c   Section        0  libinit2.o(.ARM.Collect$$libinit$$0000000E)
    .ARM.Collect$$libinit$$0000000F          0x0801020c   Section        6  libinit2.o(.ARM.Collect$$libinit$$0000000F)
    .ARM.Collect$$libinit$$00000011          0x08010212   Section        0  libinit2.o(.ARM.Collect$$libinit$$00000011)
    .ARM.Collect$$libinit$$00000013          0x08010212   Section        0  libinit2.o(.ARM.Collect$$libinit$$00000013)
    .ARM.Collect$$libinit$$00000015          0x08010212   Section        0  libinit2.o(.ARM.Collect$$libinit$$00000015)
    .ARM.Collect$$libinit$$00000016          0x08010212   Section       10  libinit2.o(.ARM.Collect$$libinit$$00000016)
    .ARM.Collect$$libinit$$00000017          0x0801021c   Section        0  libinit2.o(.ARM.Collect$$libinit$$00000017)
    .ARM.Collect$$libinit$$00000019          0x0801021c   Section        0  libinit2.o(.ARM.Collect$$libinit$$00000019)
    .ARM.Collect$$libinit$$0000001B          0x0801021c   Section        0  libinit2.o(.ARM.Collect$$libinit$$0000001B)
    .ARM.Collect$$libinit$$0000001D          0x0801021c   Section        0  libinit2.o(.ARM.Collect$$libinit$$0000001D)
    .ARM.Collect$$libinit$$0000001F          0x0801021c   Section        0  libinit2.o(.ARM.Collect$$libinit$$0000001F)
    .ARM.Collect$$libinit$$00000021          0x0801021c   Section        0  libinit2.o(.ARM.Collect$$libinit$$00000021)
    .ARM.Collect$$libinit$$00000023          0x0801021c   Section        0  libinit2.o(.ARM.Collect$$libinit$$00000023)
    .ARM.Collect$$libinit$$00000025          0x0801021c   Section        0  libinit2.o(.ARM.Collect$$libinit$$00000025)
    .ARM.Collect$$libinit$$0000002C          0x0801021c   Section        0  libinit2.o(.ARM.Collect$$libinit$$0000002C)
    .ARM.Collect$$libinit$$0000002E          0x0801021c   Section        0  libinit2.o(.ARM.Collect$$libinit$$0000002E)
    .ARM.Collect$$libinit$$00000030          0x0801021c   Section        0  libinit2.o(.ARM.Collect$$libinit$$00000030)
    .ARM.Collect$$libinit$$00000032          0x0801021c   Section        0  libinit2.o(.ARM.Collect$$libinit$$00000032)
    .ARM.Collect$$libinit$$00000033          0x0801021c   Section        2  libinit2.o(.ARM.Collect$$libinit$$00000033)
    .ARM.Collect$$libshutdown$$00000000      0x0801021e   Section        2  libshutdown.o(.ARM.Collect$$libshutdown$$00000000)
    .ARM.Collect$$libshutdown$$00000002      0x08010220   Section        0  libshutdown2.o(.ARM.Collect$$libshutdown$$00000002)
    .ARM.Collect$$libshutdown$$00000004      0x08010220   Section        0  libshutdown2.o(.ARM.Collect$$libshutdown$$00000004)
    .ARM.Collect$$libshutdown$$00000006      0x08010220   Section        0  libshutdown2.o(.ARM.Collect$$libshutdown$$00000006)
    .ARM.Collect$$libshutdown$$00000009      0x08010220   Section        0  libshutdown2.o(.ARM.Collect$$libshutdown$$00000009)
    .ARM.Collect$$libshutdown$$0000000C      0x08010220   Section        0  libshutdown2.o(.ARM.Collect$$libshutdown$$0000000C)
    .ARM.Collect$$libshutdown$$0000000E      0x08010220   Section        0  libshutdown2.o(.ARM.Collect$$libshutdown$$0000000E)
    .ARM.Collect$$libshutdown$$00000011      0x08010220   Section        0  libshutdown2.o(.ARM.Collect$$libshutdown$$00000011)
    .ARM.Collect$$libshutdown$$00000012      0x08010220   Section        2  libshutdown2.o(.ARM.Collect$$libshutdown$$00000012)
    .ARM.Collect$$rtentry$$00000000          0x08010222   Section        0  __rtentry.o(.ARM.Collect$$rtentry$$00000000)
    .ARM.Collect$$rtentry$$00000002          0x08010222   Section        0  __rtentry2.o(.ARM.Collect$$rtentry$$00000002)
    .ARM.Collect$$rtentry$$00000004          0x08010222   Section        6  __rtentry4.o(.ARM.Collect$$rtentry$$00000004)
    .ARM.Collect$$rtentry$$00000009          0x08010228   Section        0  __rtentry2.o(.ARM.Collect$$rtentry$$00000009)
    .ARM.Collect$$rtentry$$0000000A          0x08010228   Section        4  __rtentry2.o(.ARM.Collect$$rtentry$$0000000A)
    .ARM.Collect$$rtentry$$0000000C          0x0801022c   Section        0  __rtentry2.o(.ARM.Collect$$rtentry$$0000000C)
    .ARM.Collect$$rtentry$$0000000D          0x0801022c   Section        8  __rtentry2.o(.ARM.Collect$$rtentry$$0000000D)
    .ARM.Collect$$rtexit$$00000000           0x08010234   Section        2  rtexit.o(.ARM.Collect$$rtexit$$00000000)
    .ARM.Collect$$rtexit$$00000002           0x08010236   Section        0  rtexit2.o(.ARM.Collect$$rtexit$$00000002)
    .ARM.Collect$$rtexit$$00000003           0x08010236   Section        4  rtexit2.o(.ARM.Collect$$rtexit$$00000003)
    .ARM.Collect$$rtexit$$00000004           0x0801023a   Section        6  rtexit2.o(.ARM.Collect$$rtexit$$00000004)
    .text                                    0x08010240   Section        0  main.o(.text)
    .text                                    0x080102a0   Section        0  stm32f4xx_it.o(.text)
    .text                                    0x080102bc   Section        0  system_stm32f4xx.o(.text)
    SetSysClock                              0x080102bd   Thumb Code   220  system_stm32f4xx.o(.text)
    .text                                    0x080104cc   Section        0  hc_sr04.o(.text)
    .text                                    0x080106c4   Section       64  startup_stm32f40_41xxx.o(.text)
    $v0                                      0x080106c4   Number         0  startup_stm32f40_41xxx.o(.text)
    .text                                    0x08010704   Section        0  misc.o(.text)
    .text                                    0x080107e4   Section        0  stm32f4xx_flash.o(.text)
    .text                                    0x08010e78   Section        0  stm32f4xx_gpio.o(.text)
    .text                                    0x0801110c   Section        0  stm32f4xx_rcc.o(.text)
    .text                                    0x08011768   Section        0  stm32f4xx_tim.o(.text)
    TI4_Config                               0x08011f07   Thumb Code    80  stm32f4xx_tim.o(.text)
    TI3_Config                               0x08011f69   Thumb Code    72  stm32f4xx_tim.o(.text)
    TI2_Config                               0x08011fcb   Thumb Code    90  stm32f4xx_tim.o(.text)
    TI1_Config                               0x08012037   Thumb Code    58  stm32f4xx_tim.o(.text)
    .text                                    0x0801240c   Section        0  stm32f4xx_usart.o(.text)
    .text                                    0x08012860   Section        0  delay.o(.text)
    .text                                    0x08012964   Section        0  usart.o(.text)
    .text                                    0x08012ad0   Section        0  iap.o(.text)
    NVIC_SystemReset                         0x08012b43   Thumb Code    30  iap.o(.text)
    .text                                    0x08012b98   Section        0  stmflash.o(.text)
    .text                                    0x08012cf4   Section        2  use_no_semi_2.o(.text)
    .text                                    0x08012cf8   Section        0  noretval__2printf.o(.text)
    .text                                    0x08012d10   Section        0  __printf_wp.o(.text)
    .text                                    0x08012e20   Section      128  strcmpv7m.o(.text)
    .text                                    0x08012ea0   Section        0  heapauxi.o(.text)
    .text                                    0x08012ea6   Section        2  use_no_semi.o(.text)
    .text                                    0x08012ea8   Section        0  _printf_fp_dec.o(.text)
    _fp_digits                               0x08012eab   Thumb Code   432  _printf_fp_dec.o(.text)
    .text                                    0x080132c8   Section        0  _printf_char_file.o(.text)
    .text                                    0x080132ec   Section        8  rt_locale_intlibspace.o(.text)
    .text                                    0x080132f4   Section      138  lludiv10.o(.text)
    .text                                    0x08013380   Section        0  _printf_char_common.o(.text)
    _printf_input_char                       0x08013381   Thumb Code    10  _printf_char_common.o(.text)
    .text                                    0x080133b0   Section        0  _printf_fp_infnan.o(.text)
    .text                                    0x08013430   Section        0  bigflt0.o(.text)
    .text                                    0x08013514   Section        0  ferror.o(.text)
    .text                                    0x0801351c   Section        8  libspace.o(.text)
    .text                                    0x08013524   Section       74  sys_stackheap_outer.o(.text)
    .text                                    0x0801356e   Section        0  exit.o(.text)
    CL$$btod_d2e                             0x08013580   Section       62  btod.o(CL$$btod_d2e)
    CL$$btod_d2e_denorm_low                  0x080135be   Section       70  btod.o(CL$$btod_d2e_denorm_low)
    CL$$btod_d2e_norm_op1                    0x08013604   Section       96  btod.o(CL$$btod_d2e_norm_op1)
    CL$$btod_div_common                      0x08013664   Section      824  btod.o(CL$$btod_div_common)
    CL$$btod_e2e                             0x0801399c   Section      220  btod.o(CL$$btod_e2e)
    CL$$btod_ediv                            0x08013a78   Section       42  btod.o(CL$$btod_ediv)
    CL$$btod_emul                            0x08013aa2   Section       42  btod.o(CL$$btod_emul)
    CL$$btod_mult_common                     0x08013acc   Section      580  btod.o(CL$$btod_mult_common)
    i.__ARM_fpclassify                       0x08013d10   Section        0  fpclassify.o(i.__ARM_fpclassify)
    i._is_digit                              0x08013d40   Section        0  __printf_wp.o(i._is_digit)
    locale$$code                             0x08013d50   Section       44  lc_numeric_c.o(locale$$code)
    x$fpl$d2f                                0x08013d7c   Section       98  d2f.o(x$fpl$d2f)
    $v0                                      0x08013d7c   Number         0  d2f.o(x$fpl$d2f)
    x$fpl$ddiv                               0x08013de0   Section      688  ddiv.o(x$fpl$ddiv)
    $v0                                      0x08013de0   Number         0  ddiv.o(x$fpl$ddiv)
    ddiv_entry                               0x08013de7   Thumb Code     0  ddiv.o(x$fpl$ddiv)
    x$fpl$dfltu                              0x08014090   Section       38  dflt_clz.o(x$fpl$dfltu)
    $v0                                      0x08014090   Number         0  dflt_clz.o(x$fpl$dfltu)
    x$fpl$dmul                               0x080140b8   Section      340  dmul.o(x$fpl$dmul)
    $v0                                      0x080140b8   Number         0  dmul.o(x$fpl$dmul)
    x$fpl$dnaninf                            0x0801420c   Section      156  dnaninf.o(x$fpl$dnaninf)
    $v0                                      0x0801420c   Number         0  dnaninf.o(x$fpl$dnaninf)
    x$fpl$dretinf                            0x080142a8   Section       12  dretinf.o(x$fpl$dretinf)
    $v0                                      0x080142a8   Number         0  dretinf.o(x$fpl$dretinf)
    x$fpl$f2d                                0x080142b4   Section       86  f2d.o(x$fpl$f2d)
    $v0                                      0x080142b4   Number         0  f2d.o(x$fpl$f2d)
    x$fpl$fnaninf                            0x0801430a   Section      140  fnaninf.o(x$fpl$fnaninf)
    $v0                                      0x0801430a   Number         0  fnaninf.o(x$fpl$fnaninf)
    x$fpl$fpinit                             0x08014396   Section       10  fpinit.o(x$fpl$fpinit)
    $v0                                      0x08014396   Number         0  fpinit.o(x$fpl$fpinit)
    x$fpl$fretinf                            0x080143a0   Section       10  fretinf.o(x$fpl$fretinf)
    $v0                                      0x080143a0   Number         0  fretinf.o(x$fpl$fretinf)
    x$fpl$printf1                            0x080143aa   Section        4  printf1.o(x$fpl$printf1)
    $v0                                      0x080143aa   Number         0  printf1.o(x$fpl$printf1)
    x$fpl$usenofp                            0x080143ae   Section        0  usenofp.o(x$fpl$usenofp)
    .constdata                               0x080143b0   Section      148  bigflt0.o(.constdata)
    tenpwrs_x                                0x080143b0   Data          60  bigflt0.o(.constdata)
    tenpwrs_i                                0x080143ec   Data          64  bigflt0.o(.constdata)
    locale$$data                             0x08014464   Section       28  lc_numeric_c.o(locale$$data)
    __lcnum_c_name                           0x08014468   Data           2  lc_numeric_c.o(locale$$data)
    __lcnum_c_start                          0x08014470   Data           0  lc_numeric_c.o(locale$$data)
    __lcnum_c_point                          0x0801447c   Data           0  lc_numeric_c.o(locale$$data)
    __lcnum_c_thousands                      0x0801447e   Data           0  lc_numeric_c.o(locale$$data)
    __lcnum_c_grouping                       0x0801447f   Data           0  lc_numeric_c.o(locale$$data)
    __lcnum_c_end                            0x08014480   Data           0  lc_numeric_c.o(locale$$data)
    .data                                    0x20000000   Section       20  system_stm32f4xx.o(.data)
    .data                                    0x20000014   Section        9  hc_sr04.o(.data)
    .data                                    0x2000001d   Section       16  stm32f4xx_rcc.o(.data)
    APBAHBPrescTable                         0x2000001d   Data          16  stm32f4xx_rcc.o(.data)
    .data                                    0x2000002e   Section        4  delay.o(.data)
    fac_us                                   0x2000002e   Data           1  delay.o(.data)
    fac_ms                                   0x20000030   Data           2  delay.o(.data)
    .data                                    0x20000034   Section        8  usart.o(.data)
    USART_RX_STA                             0x2000003a   Data           2  usart.o(.data)
    .bss                                     0x2000003c   Section      400  usart.o(.bss)
    USART_RX_BUF                             0x20000104   Data         200  usart.o(.bss)
    .bss                                     0x200001cc   Section       96  libspace.o(.bss)
    HEAP                                     0x20000230   Section      512  startup_stm32f40_41xxx.o(HEAP)
    Heap_Mem                                 0x20000230   Data         512  startup_stm32f40_41xxx.o(HEAP)
    STACK                                    0x20000430   Section     1024  startup_stm32f40_41xxx.o(STACK)
    Stack_Mem                                0x20000430   Data        1024  startup_stm32f40_41xxx.o(STACK)
    __initial_sp                             0x20000830   Data           0  startup_stm32f40_41xxx.o(STACK)

    Global Symbols

    Symbol Name                              Value     Ov Type        Size  Object(Section)

    BuildAttributes$$THM_ISAv4$E$P$D$K$B$S$7EM$VFPi3$EXTD16$VFPS$VFMA$PE$A:L22UL41UL21$X:L11$S22US41US21$IEEE1$IW$USESV6$~STKCKD$USESV7$~SHL$OTIME$ROPI$IEEEJ$EBA8$UX$STANDARDLIB$REQ8$PRES8$EABIv2 0x00000000   Number         0  anon$$obj.o ABSOLUTE
    __ARM_use_no_argv                        0x00000000   Number         0  main.o ABSOLUTE
    _printf_flags                            0x00000000   Number         0  printf_stubs.o ABSOLUTE
    _printf_return_value                     0x00000000   Number         0  printf_stubs.o ABSOLUTE
    _printf_sizespec                         0x00000000   Number         0  printf_stubs.o ABSOLUTE
    _printf_widthprec                        0x00000000   Number         0  printf_stubs.o ABSOLUTE
    __ARM_exceptions_init                     - Undefined Weak Reference
    __alloca_initialize                       - Undefined Weak Reference
    __arm_fini_                               - Undefined Weak Reference
    __arm_preinit_                            - Undefined Weak Reference
    __cpp_initialize__aeabi_                  - Undefined Weak Reference
    __cxa_finalize                            - Undefined Weak Reference
    __sigvec_lookup                           - Undefined Weak Reference
    _atexit_init                              - Undefined Weak Reference
    _call_atexit_fns                          - Undefined Weak Reference
    _clock_init                               - Undefined Weak Reference
    _fp_trap_init                             - Undefined Weak Reference
    _fp_trap_shutdown                         - Undefined Weak Reference
    _get_lc_collate                           - Undefined Weak Reference
    _get_lc_ctype                             - Undefined Weak Reference
    _get_lc_monetary                          - Undefined Weak Reference
    _get_lc_time                              - Undefined Weak Reference
    _getenv_init                              - Undefined Weak Reference
    _handle_redirection                       - Undefined Weak Reference
    _init_alloc                               - Undefined Weak Reference
    _init_user_alloc                          - Undefined Weak Reference
    _initio                                   - Undefined Weak Reference
    _mutex_acquire                            - Undefined Weak Reference
    _mutex_release                            - Undefined Weak Reference
    _printf_post_padding                      - Undefined Weak Reference
    _printf_pre_padding                       - Undefined Weak Reference
    _rand_init                                - Undefined Weak Reference
    _signal_finish                            - Undefined Weak Reference
    _signal_init                              - Undefined Weak Reference
    _terminate_alloc                          - Undefined Weak Reference
    _terminate_user_alloc                     - Undefined Weak Reference
    _terminateio                              - Undefined Weak Reference
    __Vectors_Size                           0x00000188   Number         0  startup_stm32f40_41xxx.o ABSOLUTE
    __Vectors                                0x08010000   Data           4  startup_stm32f40_41xxx.o(RESET)
    __Vectors_End                            0x08010188   Data           0  startup_stm32f40_41xxx.o(RESET)
    __main                                   0x08010189   Thumb Code     8  __main.o(!!!main)
    __scatterload                            0x08010191   Thumb Code     0  __scatter.o(!!!scatter)
    __scatterload_rt2                        0x08010191   Thumb Code    44  __scatter.o(!!!scatter)
    __scatterload_rt2_thumb_only             0x08010191   Thumb Code     0  __scatter.o(!!!scatter)
    __scatterload_null                       0x0801019f   Thumb Code     0  __scatter.o(!!!scatter)
    __scatterload_copy                       0x080101c5   Thumb Code    26  __scatter_copy.o(!!handler_copy)
    __scatterload_zeroinit                   0x080101e1   Thumb Code    28  __scatter_zi.o(!!handler_zi)
    _printf_f                                0x080101fd   Thumb Code     0  _printf_f.o(.ARM.Collect$$_printf_percent$$00000003)
    _printf_percent                          0x080101fd   Thumb Code     0  _printf_percent.o(.ARM.Collect$$_printf_percent$$00000000)
    _printf_percent_end                      0x08010203   Thumb Code     0  _printf_percent_end.o(.ARM.Collect$$_printf_percent$$00000017)
    __rt_lib_init                            0x08010207   Thumb Code     0  libinit.o(.ARM.Collect$$libinit$$00000000)
    __rt_lib_init_fp_1                       0x08010209   Thumb Code     0  libinit2.o(.ARM.Collect$$libinit$$00000001)
    __rt_lib_init_heap_1                     0x0801020d   Thumb Code     0  libinit2.o(.ARM.Collect$$libinit$$0000000A)
    __rt_lib_init_lc_common                  0x0801020d   Thumb Code     0  libinit2.o(.ARM.Collect$$libinit$$0000000F)
    __rt_lib_init_preinit_1                  0x0801020d   Thumb Code     0  libinit2.o(.ARM.Collect$$libinit$$00000004)
    __rt_lib_init_rand_1                     0x0801020d   Thumb Code     0  libinit2.o(.ARM.Collect$$libinit$$0000000E)
    __rt_lib_init_user_alloc_1               0x0801020d   Thumb Code     0  libinit2.o(.ARM.Collect$$libinit$$0000000C)
    __rt_lib_init_lc_collate_1               0x08010213   Thumb Code     0  libinit2.o(.ARM.Collect$$libinit$$00000011)
    __rt_lib_init_lc_ctype_1                 0x08010213   Thumb Code     0  libinit2.o(.ARM.Collect$$libinit$$00000013)
    __rt_lib_init_lc_monetary_1              0x08010213   Thumb Code     0  libinit2.o(.ARM.Collect$$libinit$$00000015)
    __rt_lib_init_lc_numeric_2               0x08010213   Thumb Code     0  libinit2.o(.ARM.Collect$$libinit$$00000016)
    __rt_lib_init_alloca_1                   0x0801021d   Thumb Code     0  libinit2.o(.ARM.Collect$$libinit$$0000002E)
    __rt_lib_init_argv_1                     0x0801021d   Thumb Code     0  libinit2.o(.ARM.Collect$$libinit$$0000002C)
    __rt_lib_init_atexit_1                   0x0801021d   Thumb Code     0  libinit2.o(.ARM.Collect$$libinit$$0000001B)
    __rt_lib_init_clock_1                    0x0801021d   Thumb Code     0  libinit2.o(.ARM.Collect$$libinit$$00000021)
    __rt_lib_init_cpp_1                      0x0801021d   Thumb Code     0  libinit2.o(.ARM.Collect$$libinit$$00000032)
    __rt_lib_init_exceptions_1               0x0801021d   Thumb Code     0  libinit2.o(.ARM.Collect$$libinit$$00000030)
    __rt_lib_init_fp_trap_1                  0x0801021d   Thumb Code     0  libinit2.o(.ARM.Collect$$libinit$$0000001F)
    __rt_lib_init_getenv_1                   0x0801021d   Thumb Code     0  libinit2.o(.ARM.Collect$$libinit$$00000023)
    __rt_lib_init_lc_numeric_1               0x0801021d   Thumb Code     0  libinit2.o(.ARM.Collect$$libinit$$00000017)
    __rt_lib_init_lc_time_1                  0x0801021d   Thumb Code     0  libinit2.o(.ARM.Collect$$libinit$$00000019)
    __rt_lib_init_return                     0x0801021d   Thumb Code     0  libinit2.o(.ARM.Collect$$libinit$$00000033)
    __rt_lib_init_signal_1                   0x0801021d   Thumb Code     0  libinit2.o(.ARM.Collect$$libinit$$0000001D)
    __rt_lib_init_stdio_1                    0x0801021d   Thumb Code     0  libinit2.o(.ARM.Collect$$libinit$$00000025)
    __rt_lib_shutdown                        0x0801021f   Thumb Code     0  libshutdown.o(.ARM.Collect$$libshutdown$$00000000)
    __rt_lib_shutdown_cpp_1                  0x08010221   Thumb Code     0  libshutdown2.o(.ARM.Collect$$libshutdown$$00000004)
    __rt_lib_shutdown_fini_1                 0x08010221   Thumb Code     0  libshutdown2.o(.ARM.Collect$$libshutdown$$00000002)
    __rt_lib_shutdown_fp_trap_1              0x08010221   Thumb Code     0  libshutdown2.o(.ARM.Collect$$libshutdown$$00000009)
    __rt_lib_shutdown_heap_1                 0x08010221   Thumb Code     0  libshutdown2.o(.ARM.Collect$$libshutdown$$00000011)
    __rt_lib_shutdown_return                 0x08010221   Thumb Code     0  libshutdown2.o(.ARM.Collect$$libshutdown$$00000012)
    __rt_lib_shutdown_signal_1               0x08010221   Thumb Code     0  libshutdown2.o(.ARM.Collect$$libshutdown$$0000000C)
    __rt_lib_shutdown_stdio_1                0x08010221   Thumb Code     0  libshutdown2.o(.ARM.Collect$$libshutdown$$00000006)
    __rt_lib_shutdown_user_alloc_1           0x08010221   Thumb Code     0  libshutdown2.o(.ARM.Collect$$libshutdown$$0000000E)
    __rt_entry                               0x08010223   Thumb Code     0  __rtentry.o(.ARM.Collect$$rtentry$$00000000)
    __rt_entry_presh_1                       0x08010223   Thumb Code     0  __rtentry2.o(.ARM.Collect$$rtentry$$00000002)
    __rt_entry_sh                            0x08010223   Thumb Code     0  __rtentry4.o(.ARM.Collect$$rtentry$$00000004)
    __rt_entry_li                            0x08010229   Thumb Code     0  __rtentry2.o(.ARM.Collect$$rtentry$$0000000A)
    __rt_entry_postsh_1                      0x08010229   Thumb Code     0  __rtentry2.o(.ARM.Collect$$rtentry$$00000009)
    __rt_entry_main                          0x0801022d   Thumb Code     0  __rtentry2.o(.ARM.Collect$$rtentry$$0000000D)
    __rt_entry_postli_1                      0x0801022d   Thumb Code     0  __rtentry2.o(.ARM.Collect$$rtentry$$0000000C)
    __rt_exit                                0x08010235   Thumb Code     0  rtexit.o(.ARM.Collect$$rtexit$$00000000)
    __rt_exit_ls                             0x08010237   Thumb Code     0  rtexit2.o(.ARM.Collect$$rtexit$$00000003)
    __rt_exit_prels_1                        0x08010237   Thumb Code     0  rtexit2.o(.ARM.Collect$$rtexit$$00000002)
    __rt_exit_exit                           0x0801023b   Thumb Code     0  rtexit2.o(.ARM.Collect$$rtexit$$00000004)
    main                                     0x08010241   Thumb Code    76  main.o(.text)
    NMI_Handler                              0x080102a1   Thumb Code     2  stm32f4xx_it.o(.text)
    HardFault_Handler                        0x080102a3   Thumb Code     4  stm32f4xx_it.o(.text)
    MemManage_Handler                        0x080102a7   Thumb Code     4  stm32f4xx_it.o(.text)
    BusFault_Handler                         0x080102ab   Thumb Code     4  stm32f4xx_it.o(.text)
    UsageFault_Handler                       0x080102af   Thumb Code     4  stm32f4xx_it.o(.text)
    SVC_Handler                              0x080102b3   Thumb Code     2  stm32f4xx_it.o(.text)
    DebugMon_Handler                         0x080102b5   Thumb Code     2  stm32f4xx_it.o(.text)
    PendSV_Handler                           0x080102b7   Thumb Code     2  stm32f4xx_it.o(.text)
    SysTick_Handler                          0x080102b9   Thumb Code     2  stm32f4xx_it.o(.text)
    SystemInit                               0x08010399   Thumb Code    88  system_stm32f4xx.o(.text)
    SystemCoreClockUpdate                    0x080103f1   Thumb Code   174  system_stm32f4xx.o(.text)
    GPIO_Init_TRIG                           0x080104cd   Thumb Code    44  hc_sr04.o(.text)
    TIM_ICU_Init                             0x080104f9   Thumb Code   178  hc_sr04.o(.text)
    HC_SR04_Init                             0x080105ab   Thumb Code    12  hc_sr04.o(.text)
    TIM8_UP_TIM13_IRQHandler                 0x080105b7   Thumb Code    86  hc_sr04.o(.text)
    Calculate_Distance                       0x0801060d   Thumb Code   142  hc_sr04.o(.text)
    Reset_Handler                            0x080106c5   Thumb Code     8  startup_stm32f40_41xxx.o(.text)
    ADC_IRQHandler                           0x080106df   Thumb Code     0  startup_stm32f40_41xxx.o(.text)
    CAN1_RX0_IRQHandler                      0x080106df   Thumb Code     0  startup_stm32f40_41xxx.o(.text)
    CAN1_RX1_IRQHandler                      0x080106df   Thumb Code     0  startup_stm32f40_41xxx.o(.text)
    CAN1_SCE_IRQHandler                      0x080106df   Thumb Code     0  startup_stm32f40_41xxx.o(.text)
    CAN1_TX_IRQHandler                       0x080106df   Thumb Code     0  startup_stm32f40_41xxx.o(.text)
    CAN2_RX0_IRQHandler                      0x080106df   Thumb Code     0  startup_stm32f40_41xxx.o(.text)
    CAN2_RX1_IRQHandler                      0x080106df   Thumb Code     0  startup_stm32f40_41xxx.o(.text)
    CAN2_SCE_IRQHandler                      0x080106df   Thumb Code     0  startup_stm32f40_41xxx.o(.text)
    CAN2_TX_IRQHandler                       0x080106df   Thumb Code     0  startup_stm32f40_41xxx.o(.text)
    CRYP_IRQHandler                          0x080106df   Thumb Code     0  startup_stm32f40_41xxx.o(.text)
    DCMI_IRQHandler                          0x080106df   Thumb Code     0  startup_stm32f40_41xxx.o(.text)
    DMA1_Stream0_IRQHandler                  0x080106df   Thumb Code     0  startup_stm32f40_41xxx.o(.text)
    DMA1_Stream1_IRQHandler                  0x080106df   Thumb Code     0  startup_stm32f40_41xxx.o(.text)
    DMA1_Stream2_IRQHandler                  0x080106df   Thumb Code     0  startup_stm32f40_41xxx.o(.text)
    DMA1_Stream3_IRQHandler                  0x080106df   Thumb Code     0  startup_stm32f40_41xxx.o(.text)
    DMA1_Stream4_IRQHandler                  0x080106df   Thumb Code     0  startup_stm32f40_41xxx.o(.text)
    DMA1_Stream5_IRQHandler                  0x080106df   Thumb Code     0  startup_stm32f40_41xxx.o(.text)
    DMA1_Stream6_IRQHandler                  0x080106df   Thumb Code     0  startup_stm32f40_41xxx.o(.text)
    DMA1_Stream7_IRQHandler                  0x080106df   Thumb Code     0  startup_stm32f40_41xxx.o(.text)
    DMA2_Stream0_IRQHandler                  0x080106df   Thumb Code     0  startup_stm32f40_41xxx.o(.text)
    DMA2_Stream1_IRQHandler                  0x080106df   Thumb Code     0  startup_stm32f40_41xxx.o(.text)
    DMA2_Stream2_IRQHandler                  0x080106df   Thumb Code     0  startup_stm32f40_41xxx.o(.text)
    DMA2_Stream3_IRQHandler                  0x080106df   Thumb Code     0  startup_stm32f40_41xxx.o(.text)
    DMA2_Stream4_IRQHandler                  0x080106df   Thumb Code     0  startup_stm32f40_41xxx.o(.text)
    DMA2_Stream5_IRQHandler                  0x080106df   Thumb Code     0  startup_stm32f40_41xxx.o(.text)
    DMA2_Stream6_IRQHandler                  0x080106df   Thumb Code     0  startup_stm32f40_41xxx.o(.text)
    DMA2_Stream7_IRQHandler                  0x080106df   Thumb Code     0  startup_stm32f40_41xxx.o(.text)
    ETH_IRQHandler                           0x080106df   Thumb Code     0  startup_stm32f40_41xxx.o(.text)
    ETH_WKUP_IRQHandler                      0x080106df   Thumb Code     0  startup_stm32f40_41xxx.o(.text)
    EXTI0_IRQHandler                         0x080106df   Thumb Code     0  startup_stm32f40_41xxx.o(.text)
    EXTI15_10_IRQHandler                     0x080106df   Thumb Code     0  startup_stm32f40_41xxx.o(.text)
    EXTI1_IRQHandler                         0x080106df   Thumb Code     0  startup_stm32f40_41xxx.o(.text)
    EXTI2_IRQHandler                         0x080106df   Thumb Code     0  startup_stm32f40_41xxx.o(.text)
    EXTI3_IRQHandler                         0x080106df   Thumb Code     0  startup_stm32f40_41xxx.o(.text)
    EXTI4_IRQHandler                         0x080106df   Thumb Code     0  startup_stm32f40_41xxx.o(.text)
    EXTI9_5_IRQHandler                       0x080106df   Thumb Code     0  startup_stm32f40_41xxx.o(.text)
    FLASH_IRQHandler                         0x080106df   Thumb Code     0  startup_stm32f40_41xxx.o(.text)
    FPU_IRQHandler                           0x080106df   Thumb Code     0  startup_stm32f40_41xxx.o(.text)
    FSMC_IRQHandler                          0x080106df   Thumb Code     0  startup_stm32f40_41xxx.o(.text)
    HASH_RNG_IRQHandler                      0x080106df   Thumb Code     0  startup_stm32f40_41xxx.o(.text)
    I2C1_ER_IRQHandler                       0x080106df   Thumb Code     0  startup_stm32f40_41xxx.o(.text)
    I2C1_EV_IRQHandler                       0x080106df   Thumb Code     0  startup_stm32f40_41xxx.o(.text)
    I2C2_ER_IRQHandler                       0x080106df   Thumb Code     0  startup_stm32f40_41xxx.o(.text)
    I2C2_EV_IRQHandler                       0x080106df   Thumb Code     0  startup_stm32f40_41xxx.o(.text)
    I2C3_ER_IRQHandler                       0x080106df   Thumb Code     0  startup_stm32f40_41xxx.o(.text)
    I2C3_EV_IRQHandler                       0x080106df   Thumb Code     0  startup_stm32f40_41xxx.o(.text)
    OTG_FS_IRQHandler                        0x080106df   Thumb Code     0  startup_stm32f40_41xxx.o(.text)
    OTG_FS_WKUP_IRQHandler                   0x080106df   Thumb Code     0  startup_stm32f40_41xxx.o(.text)
    OTG_HS_EP1_IN_IRQHandler                 0x080106df   Thumb Code     0  startup_stm32f40_41xxx.o(.text)
    OTG_HS_EP1_OUT_IRQHandler                0x080106df   Thumb Code     0  startup_stm32f40_41xxx.o(.text)
    OTG_HS_IRQHandler                        0x080106df   Thumb Code     0  startup_stm32f40_41xxx.o(.text)
    OTG_HS_WKUP_IRQHandler                   0x080106df   Thumb Code     0  startup_stm32f40_41xxx.o(.text)
    PVD_IRQHandler                           0x080106df   Thumb Code     0  startup_stm32f40_41xxx.o(.text)
    RCC_IRQHandler                           0x080106df   Thumb Code     0  startup_stm32f40_41xxx.o(.text)
    RTC_Alarm_IRQHandler                     0x080106df   Thumb Code     0  startup_stm32f40_41xxx.o(.text)
    RTC_WKUP_IRQHandler                      0x080106df   Thumb Code     0  startup_stm32f40_41xxx.o(.text)
    SDIO_IRQHandler                          0x080106df   Thumb Code     0  startup_stm32f40_41xxx.o(.text)
    SPI1_IRQHandler                          0x080106df   Thumb Code     0  startup_stm32f40_41xxx.o(.text)
    SPI2_IRQHandler                          0x080106df   Thumb Code     0  startup_stm32f40_41xxx.o(.text)
    SPI3_IRQHandler                          0x080106df   Thumb Code     0  startup_stm32f40_41xxx.o(.text)
    TAMP_STAMP_IRQHandler                    0x080106df   Thumb Code     0  startup_stm32f40_41xxx.o(.text)
    TIM1_BRK_TIM9_IRQHandler                 0x080106df   Thumb Code     0  startup_stm32f40_41xxx.o(.text)
    TIM1_CC_IRQHandler                       0x080106df   Thumb Code     0  startup_stm32f40_41xxx.o(.text)
    TIM1_TRG_COM_TIM11_IRQHandler            0x080106df   Thumb Code     0  startup_stm32f40_41xxx.o(.text)
    TIM1_UP_TIM10_IRQHandler                 0x080106df   Thumb Code     0  startup_stm32f40_41xxx.o(.text)
    TIM2_IRQHandler                          0x080106df   Thumb Code     0  startup_stm32f40_41xxx.o(.text)
    TIM3_IRQHandler                          0x080106df   Thumb Code     0  startup_stm32f40_41xxx.o(.text)
    TIM4_IRQHandler                          0x080106df   Thumb Code     0  startup_stm32f40_41xxx.o(.text)
    TIM5_IRQHandler                          0x080106df   Thumb Code     0  startup_stm32f40_41xxx.o(.text)
    TIM6_DAC_IRQHandler                      0x080106df   Thumb Code     0  startup_stm32f40_41xxx.o(.text)
    TIM7_IRQHandler                          0x080106df   Thumb Code     0  startup_stm32f40_41xxx.o(.text)
    TIM8_BRK_TIM12_IRQHandler                0x080106df   Thumb Code     0  startup_stm32f40_41xxx.o(.text)
    TIM8_CC_IRQHandler                       0x080106df   Thumb Code     0  startup_stm32f40_41xxx.o(.text)
    TIM8_TRG_COM_TIM14_IRQHandler            0x080106df   Thumb Code     0  startup_stm32f40_41xxx.o(.text)
    UART4_IRQHandler                         0x080106df   Thumb Code     0  startup_stm32f40_41xxx.o(.text)
    UART5_IRQHandler                         0x080106df   Thumb Code     0  startup_stm32f40_41xxx.o(.text)
    USART2_IRQHandler                        0x080106df   Thumb Code     0  startup_stm32f40_41xxx.o(.text)
    USART3_IRQHandler                        0x080106df   Thumb Code     0  startup_stm32f40_41xxx.o(.text)
    USART6_IRQHandler                        0x080106df   Thumb Code     0  startup_stm32f40_41xxx.o(.text)
    WWDG_IRQHandler                          0x080106df   Thumb Code     0  startup_stm32f40_41xxx.o(.text)
    __user_initial_stackheap                 0x080106e1   Thumb Code     0  startup_stm32f40_41xxx.o(.text)
    NVIC_PriorityGroupConfig                 0x08010705   Thumb Code    10  misc.o(.text)
    NVIC_Init                                0x0801070f   Thumb Code   106  misc.o(.text)
    NVIC_SetVectorTable                      0x08010779   Thumb Code    14  misc.o(.text)
    NVIC_SystemLPConfig                      0x08010787   Thumb Code    34  misc.o(.text)
    SysTick_CLKSourceConfig                  0x080107a9   Thumb Code    40  misc.o(.text)
    FLASH_SetLatency                         0x080107e5   Thumb Code     6  stm32f4xx_flash.o(.text)
    FLASH_PrefetchBufferCmd                  0x080107eb   Thumb Code    30  stm32f4xx_flash.o(.text)
    FLASH_InstructionCacheCmd                0x08010809   Thumb Code    30  stm32f4xx_flash.o(.text)
    FLASH_DataCacheCmd                       0x08010827   Thumb Code    30  stm32f4xx_flash.o(.text)
    FLASH_InstructionCacheReset              0x08010845   Thumb Code    14  stm32f4xx_flash.o(.text)
    FLASH_DataCacheReset                     0x08010853   Thumb Code    14  stm32f4xx_flash.o(.text)
    FLASH_Unlock                             0x08010861   Thumb Code    26  stm32f4xx_flash.o(.text)
    FLASH_Lock                               0x0801087b   Thumb Code    18  stm32f4xx_flash.o(.text)
    FLASH_GetStatus                          0x0801088d   Thumb Code    90  stm32f4xx_flash.o(.text)
    FLASH_WaitForLastOperation               0x080108e7   Thumb Code    34  stm32f4xx_flash.o(.text)
    FLASH_EraseSector                        0x08010909   Thumb Code   140  stm32f4xx_flash.o(.text)
    FLASH_EraseAllSectors                    0x08010995   Thumb Code   112  stm32f4xx_flash.o(.text)
    FLASH_EraseAllBank1Sectors               0x08010a05   Thumb Code   112  stm32f4xx_flash.o(.text)
    FLASH_EraseAllBank2Sectors               0x08010a75   Thumb Code   112  stm32f4xx_flash.o(.text)
    FLASH_ProgramDoubleWord                  0x08010ae5   Thumb Code    86  stm32f4xx_flash.o(.text)
    FLASH_ProgramWord                        0x08010b3b   Thumb Code    82  stm32f4xx_flash.o(.text)
    FLASH_ProgramHalfWord                    0x08010b8d   Thumb Code    96  stm32f4xx_flash.o(.text)
    FLASH_ProgramByte                        0x08010bed   Thumb Code    70  stm32f4xx_flash.o(.text)
    FLASH_OB_Unlock                          0x08010c33   Thumb Code    26  stm32f4xx_flash.o(.text)
    FLASH_OB_Lock                            0x08010c4d   Thumb Code    18  stm32f4xx_flash.o(.text)
    FLASH_OB_WRPConfig                       0x08010c5f   Thumb Code    54  stm32f4xx_flash.o(.text)
    FLASH_OB_WRP1Config                      0x08010c95   Thumb Code    54  stm32f4xx_flash.o(.text)
    FLASH_OB_PCROPSelectionConfig            0x08010ccb   Thumb Code    24  stm32f4xx_flash.o(.text)
    FLASH_OB_PCROPConfig                     0x08010ce3   Thumb Code    54  stm32f4xx_flash.o(.text)
    FLASH_OB_PCROP1Config                    0x08010d19   Thumb Code    54  stm32f4xx_flash.o(.text)
    FLASH_OB_RDPConfig                       0x08010d4f   Thumb Code    24  stm32f4xx_flash.o(.text)
    FLASH_OB_UserConfig                      0x08010d67   Thumb Code    46  stm32f4xx_flash.o(.text)
    FLASH_OB_BootConfig                      0x08010d95   Thumb Code    26  stm32f4xx_flash.o(.text)
    FLASH_OB_BORConfig                       0x08010daf   Thumb Code    26  stm32f4xx_flash.o(.text)
    FLASH_OB_Launch                          0x08010dc9   Thumb Code    30  stm32f4xx_flash.o(.text)
    FLASH_OB_GetUser                         0x08010de7   Thumb Code    12  stm32f4xx_flash.o(.text)
    FLASH_OB_GetWRP                          0x08010df3   Thumb Code     8  stm32f4xx_flash.o(.text)
    FLASH_OB_GetWRP1                         0x08010dfb   Thumb Code     8  stm32f4xx_flash.o(.text)
    FLASH_OB_GetPCROP                        0x08010e03   Thumb Code     8  stm32f4xx_flash.o(.text)
    FLASH_OB_GetPCROP1                       0x08010e0b   Thumb Code     8  stm32f4xx_flash.o(.text)
    FLASH_OB_GetRDP                          0x08010e13   Thumb Code    20  stm32f4xx_flash.o(.text)
    FLASH_OB_GetBOR                          0x08010e27   Thumb Code    12  stm32f4xx_flash.o(.text)
    FLASH_ITConfig                           0x08010e33   Thumb Code    26  stm32f4xx_flash.o(.text)
    FLASH_GetFlagStatus                      0x08010e4d   Thumb Code    22  stm32f4xx_flash.o(.text)
    FLASH_ClearFlag                          0x08010e63   Thumb Code     8  stm32f4xx_flash.o(.text)
    GPIO_DeInit                              0x08010e79   Thumb Code   268  stm32f4xx_gpio.o(.text)
    GPIO_Init                                0x08010f85   Thumb Code   144  stm32f4xx_gpio.o(.text)
    GPIO_StructInit                          0x08011015   Thumb Code    18  stm32f4xx_gpio.o(.text)
    GPIO_PinLockConfig                       0x08011027   Thumb Code    34  stm32f4xx_gpio.o(.text)
    GPIO_ReadInputDataBit                    0x08011049   Thumb Code    18  stm32f4xx_gpio.o(.text)
    GPIO_ReadInputData                       0x0801105b   Thumb Code     8  stm32f4xx_gpio.o(.text)
    GPIO_ReadOutputDataBit                   0x08011063   Thumb Code    18  stm32f4xx_gpio.o(.text)
    GPIO_ReadOutputData                      0x08011075   Thumb Code     8  stm32f4xx_gpio.o(.text)
    GPIO_SetBits                             0x0801107d   Thumb Code     4  stm32f4xx_gpio.o(.text)
    GPIO_ResetBits                           0x08011081   Thumb Code     4  stm32f4xx_gpio.o(.text)
    GPIO_WriteBit                            0x08011085   Thumb Code    10  stm32f4xx_gpio.o(.text)
    GPIO_Write                               0x0801108f   Thumb Code     4  stm32f4xx_gpio.o(.text)
    GPIO_ToggleBits                          0x08011093   Thumb Code     8  stm32f4xx_gpio.o(.text)
    GPIO_PinAFConfig                         0x0801109b   Thumb Code    70  stm32f4xx_gpio.o(.text)
    RCC_DeInit                               0x0801110d   Thumb Code    82  stm32f4xx_rcc.o(.text)
    RCC_HSEConfig                            0x0801115f   Thumb Code    14  stm32f4xx_rcc.o(.text)
    RCC_GetFlagStatus                        0x0801116d   Thumb Code    60  stm32f4xx_rcc.o(.text)
    RCC_WaitForHSEStartUp                    0x080111a9   Thumb Code    56  stm32f4xx_rcc.o(.text)
    RCC_AdjustHSICalibrationValue            0x080111e1   Thumb Code    20  stm32f4xx_rcc.o(.text)
    RCC_HSICmd                               0x080111f5   Thumb Code     6  stm32f4xx_rcc.o(.text)
    RCC_LSEConfig                            0x080111fb   Thumb Code    46  stm32f4xx_rcc.o(.text)
    RCC_LSICmd                               0x08011229   Thumb Code     6  stm32f4xx_rcc.o(.text)
    RCC_PLLConfig                            0x0801122f   Thumb Code    32  stm32f4xx_rcc.o(.text)
    RCC_PLLCmd                               0x0801124f   Thumb Code     6  stm32f4xx_rcc.o(.text)
    RCC_PLLI2SConfig                         0x08011255   Thumb Code    14  stm32f4xx_rcc.o(.text)
    RCC_PLLI2SCmd                            0x08011263   Thumb Code     6  stm32f4xx_rcc.o(.text)
    RCC_PLLSAIConfig                         0x08011269   Thumb Code    20  stm32f4xx_rcc.o(.text)
    RCC_PLLSAICmd                            0x0801127d   Thumb Code     6  stm32f4xx_rcc.o(.text)
    RCC_ClockSecuritySystemCmd               0x08011283   Thumb Code     6  stm32f4xx_rcc.o(.text)
    RCC_MCO1Config                           0x08011289   Thumb Code    28  stm32f4xx_rcc.o(.text)
    RCC_MCO2Config                           0x080112a5   Thumb Code    28  stm32f4xx_rcc.o(.text)
    RCC_SYSCLKConfig                         0x080112c1   Thumb Code    20  stm32f4xx_rcc.o(.text)
    RCC_GetSYSCLKSource                      0x080112d5   Thumb Code    12  stm32f4xx_rcc.o(.text)
    RCC_HCLKConfig                           0x080112e1   Thumb Code    20  stm32f4xx_rcc.o(.text)
    RCC_PCLK1Config                          0x080112f5   Thumb Code    20  stm32f4xx_rcc.o(.text)
    RCC_PCLK2Config                          0x08011309   Thumb Code    22  stm32f4xx_rcc.o(.text)
    RCC_GetClocksFreq                        0x0801131f   Thumb Code   222  stm32f4xx_rcc.o(.text)
    RCC_RTCCLKConfig                         0x080113fd   Thumb Code    54  stm32f4xx_rcc.o(.text)
    RCC_RTCCLKCmd                            0x08011433   Thumb Code     8  stm32f4xx_rcc.o(.text)
    RCC_BackupResetCmd                       0x0801143b   Thumb Code     8  stm32f4xx_rcc.o(.text)
    RCC_I2SCLKConfig                         0x08011443   Thumb Code     6  stm32f4xx_rcc.o(.text)
    RCC_SAIPLLI2SClkDivConfig                0x08011449   Thumb Code    26  stm32f4xx_rcc.o(.text)
    RCC_SAIPLLSAIClkDivConfig                0x08011463   Thumb Code    28  stm32f4xx_rcc.o(.text)
    RCC_SAIBlockACLKConfig                   0x0801147f   Thumb Code    20  stm32f4xx_rcc.o(.text)
    RCC_SAIBlockBCLKConfig                   0x08011493   Thumb Code    20  stm32f4xx_rcc.o(.text)
    RCC_LTDCCLKDivConfig                     0x080114a7   Thumb Code    20  stm32f4xx_rcc.o(.text)
    RCC_TIMCLKPresConfig                     0x080114bb   Thumb Code     6  stm32f4xx_rcc.o(.text)
    RCC_AHB1PeriphClockCmd                   0x080114c1   Thumb Code    34  stm32f4xx_rcc.o(.text)
    RCC_AHB2PeriphClockCmd                   0x080114e3   Thumb Code    78  stm32f4xx_rcc.o(.text)
    RCC_AHB3PeriphClockCmd                   0x08011531   Thumb Code    34  stm32f4xx_rcc.o(.text)
    RCC_APB1PeriphClockCmd                   0x08011553   Thumb Code    34  stm32f4xx_rcc.o(.text)
    RCC_APB2PeriphClockCmd                   0x08011575   Thumb Code    34  stm32f4xx_rcc.o(.text)
    RCC_AHB1PeriphResetCmd                   0x08011597   Thumb Code    34  stm32f4xx_rcc.o(.text)
    RCC_AHB2PeriphResetCmd                   0x080115b9   Thumb Code    34  stm32f4xx_rcc.o(.text)
    RCC_AHB3PeriphResetCmd                   0x080115db   Thumb Code    34  stm32f4xx_rcc.o(.text)
    RCC_APB1PeriphResetCmd                   0x080115fd   Thumb Code    34  stm32f4xx_rcc.o(.text)
    RCC_APB2PeriphResetCmd                   0x0801161f   Thumb Code    34  stm32f4xx_rcc.o(.text)
    RCC_AHB1PeriphClockLPModeCmd             0x08011641   Thumb Code    34  stm32f4xx_rcc.o(.text)
    RCC_AHB2PeriphClockLPModeCmd             0x08011663   Thumb Code    34  stm32f4xx_rcc.o(.text)
    RCC_AHB3PeriphClockLPModeCmd             0x08011685   Thumb Code    34  stm32f4xx_rcc.o(.text)
    RCC_APB1PeriphClockLPModeCmd             0x080116a7   Thumb Code    34  stm32f4xx_rcc.o(.text)
    RCC_APB2PeriphClockLPModeCmd             0x080116c9   Thumb Code    34  stm32f4xx_rcc.o(.text)
    RCC_LSEModeConfig                        0x080116eb   Thumb Code    40  stm32f4xx_rcc.o(.text)
    RCC_ITConfig                             0x08011713   Thumb Code    34  stm32f4xx_rcc.o(.text)
    RCC_ClearFlag                            0x08011735   Thumb Code    18  stm32f4xx_rcc.o(.text)
    RCC_GetITStatus                          0x08011747   Thumb Code    22  stm32f4xx_rcc.o(.text)
    RCC_ClearITPendingBit                    0x0801175d   Thumb Code     8  stm32f4xx_rcc.o(.text)
    TIM_DeInit                               0x08011769   Thumb Code   346  stm32f4xx_tim.o(.text)
    TIM_TimeBaseInit                         0x080118c3   Thumb Code   104  stm32f4xx_tim.o(.text)
    TIM_TimeBaseStructInit                   0x0801192b   Thumb Code    18  stm32f4xx_tim.o(.text)
    TIM_PrescalerConfig                      0x0801193d   Thumb Code     6  stm32f4xx_tim.o(.text)
    TIM_CounterModeConfig                    0x08011943   Thumb Code    18  stm32f4xx_tim.o(.text)
    TIM_SetCounter                           0x08011955   Thumb Code     4  stm32f4xx_tim.o(.text)
    TIM_SetAutoreload                        0x08011959   Thumb Code     4  stm32f4xx_tim.o(.text)
    TIM_GetCounter                           0x0801195d   Thumb Code     6  stm32f4xx_tim.o(.text)
    TIM_GetPrescaler                         0x08011963   Thumb Code     6  stm32f4xx_tim.o(.text)
    TIM_UpdateDisableConfig                  0x08011969   Thumb Code    24  stm32f4xx_tim.o(.text)
    TIM_UpdateRequestConfig                  0x08011981   Thumb Code    24  stm32f4xx_tim.o(.text)
    TIM_ARRPreloadConfig                     0x08011999   Thumb Code    24  stm32f4xx_tim.o(.text)
    TIM_SelectOnePulseMode                   0x080119b1   Thumb Code    18  stm32f4xx_tim.o(.text)
    TIM_SetClockDivision                     0x080119c3   Thumb Code    18  stm32f4xx_tim.o(.text)
    TIM_Cmd                                  0x080119d5   Thumb Code    24  stm32f4xx_tim.o(.text)
    TIM_OC1Init                              0x080119ed   Thumb Code   114  stm32f4xx_tim.o(.text)
    TIM_OC2Init                              0x08011a5f   Thumb Code   154  stm32f4xx_tim.o(.text)
    TIM_OC3Init                              0x08011af9   Thumb Code   204  stm32f4xx_tim.o(.text)
    TIM_OC4Init                              0x08011bc5   Thumb Code   112  stm32f4xx_tim.o(.text)
    TIM_OCStructInit                         0x08011c35   Thumb Code    20  stm32f4xx_tim.o(.text)
    TIM_SelectOCxM                           0x08011c49   Thumb Code    86  stm32f4xx_tim.o(.text)
    TIM_SetCompare1                          0x08011c9f   Thumb Code     4  stm32f4xx_tim.o(.text)
    TIM_SetCompare2                          0x08011ca3   Thumb Code     4  stm32f4xx_tim.o(.text)
    TIM_SetCompare3                          0x08011ca7   Thumb Code     4  stm32f4xx_tim.o(.text)
    TIM_SetCompare4                          0x08011cab   Thumb Code     4  stm32f4xx_tim.o(.text)
    TIM_ForcedOC1Config                      0x08011caf   Thumb Code    18  stm32f4xx_tim.o(.text)
    TIM_ForcedOC2Config                      0x08011cc1   Thumb Code    26  stm32f4xx_tim.o(.text)
    TIM_ForcedOC3Config                      0x08011cdb   Thumb Code    18  stm32f4xx_tim.o(.text)
    TIM_ForcedOC4Config                      0x08011ced   Thumb Code    26  stm32f4xx_tim.o(.text)
    TIM_OC1PreloadConfig                     0x08011d07   Thumb Code    18  stm32f4xx_tim.o(.text)
    TIM_OC2PreloadConfig                     0x08011d19   Thumb Code    26  stm32f4xx_tim.o(.text)
    TIM_OC3PreloadConfig                     0x08011d33   Thumb Code    18  stm32f4xx_tim.o(.text)
    TIM_OC4PreloadConfig                     0x08011d45   Thumb Code    26  stm32f4xx_tim.o(.text)
    TIM_OC1FastConfig                        0x08011d5f   Thumb Code    18  stm32f4xx_tim.o(.text)
    TIM_OC2FastConfig                        0x08011d71   Thumb Code    26  stm32f4xx_tim.o(.text)
    TIM_OC3FastConfig                        0x08011d8b   Thumb Code    18  stm32f4xx_tim.o(.text)
    TIM_OC4FastConfig                        0x08011d9d   Thumb Code    26  stm32f4xx_tim.o(.text)
    TIM_ClearOC1Ref                          0x08011db7   Thumb Code    18  stm32f4xx_tim.o(.text)
    TIM_ClearOC2Ref                          0x08011dc9   Thumb Code    24  stm32f4xx_tim.o(.text)
    TIM_ClearOC3Ref                          0x08011de1   Thumb Code    18  stm32f4xx_tim.o(.text)
    TIM_ClearOC4Ref                          0x08011df3   Thumb Code    24  stm32f4xx_tim.o(.text)
    TIM_OC1PolarityConfig                    0x08011e0b   Thumb Code    18  stm32f4xx_tim.o(.text)
    TIM_OC1NPolarityConfig                   0x08011e1d   Thumb Code    18  stm32f4xx_tim.o(.text)
    TIM_OC2PolarityConfig                    0x08011e2f   Thumb Code    26  stm32f4xx_tim.o(.text)
    TIM_OC2NPolarityConfig                   0x08011e49   Thumb Code    26  stm32f4xx_tim.o(.text)
    TIM_OC3PolarityConfig                    0x08011e63   Thumb Code    26  stm32f4xx_tim.o(.text)
    TIM_OC3NPolarityConfig                   0x08011e7d   Thumb Code    26  stm32f4xx_tim.o(.text)
    TIM_OC4PolarityConfig                    0x08011e97   Thumb Code    26  stm32f4xx_tim.o(.text)
    TIM_CCxCmd                               0x08011eb1   Thumb Code    30  stm32f4xx_tim.o(.text)
    TIM_CCxNCmd                              0x08011ecf   Thumb Code    30  stm32f4xx_tim.o(.text)
    TIM_SetIC4Prescaler                      0x08011eed   Thumb Code    26  stm32f4xx_tim.o(.text)
    TIM_SetIC3Prescaler                      0x08011f57   Thumb Code    18  stm32f4xx_tim.o(.text)
    TIM_SetIC2Prescaler                      0x08011fb1   Thumb Code    26  stm32f4xx_tim.o(.text)
    TIM_SetIC1Prescaler                      0x08012025   Thumb Code    18  stm32f4xx_tim.o(.text)
    TIM_ICInit                               0x08012071   Thumb Code   110  stm32f4xx_tim.o(.text)
    TIM_ICStructInit                         0x080120df   Thumb Code    18  stm32f4xx_tim.o(.text)
    TIM_PWMIConfig                           0x080120f1   Thumb Code   124  stm32f4xx_tim.o(.text)
    TIM_GetCapture1                          0x0801216d   Thumb Code     6  stm32f4xx_tim.o(.text)
    TIM_GetCapture2                          0x08012173   Thumb Code     6  stm32f4xx_tim.o(.text)
    TIM_GetCapture3                          0x08012179   Thumb Code     6  stm32f4xx_tim.o(.text)
    TIM_GetCapture4                          0x0801217f   Thumb Code     6  stm32f4xx_tim.o(.text)
    TIM_BDTRConfig                           0x08012185   Thumb Code    32  stm32f4xx_tim.o(.text)
    TIM_BDTRStructInit                       0x080121a5   Thumb Code    18  stm32f4xx_tim.o(.text)
    TIM_CtrlPWMOutputs                       0x080121b7   Thumb Code    30  stm32f4xx_tim.o(.text)
    TIM_SelectCOM                            0x080121d5   Thumb Code    24  stm32f4xx_tim.o(.text)
    TIM_CCPreloadControl                     0x080121ed   Thumb Code    24  stm32f4xx_tim.o(.text)
    TIM_ITConfig                             0x08012205   Thumb Code    18  stm32f4xx_tim.o(.text)
    TIM_GenerateEvent                        0x08012217   Thumb Code     4  stm32f4xx_tim.o(.text)
    TIM_GetFlagStatus                        0x0801221b   Thumb Code    18  stm32f4xx_tim.o(.text)
    TIM_ClearFlag                            0x0801222d   Thumb Code     6  stm32f4xx_tim.o(.text)
    TIM_GetITStatus                          0x08012233   Thumb Code    34  stm32f4xx_tim.o(.text)
    TIM_ClearITPendingBit                    0x08012255   Thumb Code     6  stm32f4xx_tim.o(.text)
    TIM_DMAConfig                            0x0801225b   Thumb Code    10  stm32f4xx_tim.o(.text)
    TIM_DMACmd                               0x08012265   Thumb Code    18  stm32f4xx_tim.o(.text)
    TIM_SelectCCDMA                          0x08012277   Thumb Code    24  stm32f4xx_tim.o(.text)
    TIM_InternalClockConfig                  0x0801228f   Thumb Code    12  stm32f4xx_tim.o(.text)
    TIM_SelectInputTrigger                   0x0801229b   Thumb Code    18  stm32f4xx_tim.o(.text)
    TIM_ITRxExternalClockConfig              0x080122ad   Thumb Code    24  stm32f4xx_tim.o(.text)
    TIM_TIxExternalClockConfig               0x080122c5   Thumb Code    62  stm32f4xx_tim.o(.text)
    TIM_ETRConfig                            0x08012303   Thumb Code    28  stm32f4xx_tim.o(.text)
    TIM_ETRClockMode1Config                  0x0801231f   Thumb Code    54  stm32f4xx_tim.o(.text)
    TIM_ETRClockMode2Config                  0x08012355   Thumb Code    32  stm32f4xx_tim.o(.text)
    TIM_SelectOutputTrigger                  0x08012375   Thumb Code    18  stm32f4xx_tim.o(.text)
    TIM_SelectSlaveMode                      0x08012387   Thumb Code    18  stm32f4xx_tim.o(.text)
    TIM_SelectMasterSlaveMode                0x08012399   Thumb Code    18  stm32f4xx_tim.o(.text)
    TIM_EncoderInterfaceConfig               0x080123ab   Thumb Code    66  stm32f4xx_tim.o(.text)
    TIM_SelectHallSensor                     0x080123ed   Thumb Code    24  stm32f4xx_tim.o(.text)
    TIM_RemapConfig                          0x08012405   Thumb Code     6  stm32f4xx_tim.o(.text)
    USART_DeInit                             0x0801240d   Thumb Code   206  stm32f4xx_usart.o(.text)
    USART_Init                               0x080124db   Thumb Code   204  stm32f4xx_usart.o(.text)
    USART_StructInit                         0x080125a7   Thumb Code    24  stm32f4xx_usart.o(.text)
    USART_ClockInit                          0x080125bf   Thumb Code    32  stm32f4xx_usart.o(.text)
    USART_ClockStructInit                    0x080125df   Thumb Code    12  stm32f4xx_usart.o(.text)
    USART_Cmd                                0x080125eb   Thumb Code    24  stm32f4xx_usart.o(.text)
    USART_SetPrescaler                       0x08012603   Thumb Code    16  stm32f4xx_usart.o(.text)
    USART_OverSampling8Cmd                   0x08012613   Thumb Code    22  stm32f4xx_usart.o(.text)
    USART_OneBitMethodCmd                    0x08012629   Thumb Code    24  stm32f4xx_usart.o(.text)
    USART_SendData                           0x08012641   Thumb Code     8  stm32f4xx_usart.o(.text)
    USART_ReceiveData                        0x08012649   Thumb Code    10  stm32f4xx_usart.o(.text)
    USART_SetAddress                         0x08012653   Thumb Code    18  stm32f4xx_usart.o(.text)
    USART_ReceiverWakeUpCmd                  0x08012665   Thumb Code    24  stm32f4xx_usart.o(.text)
    USART_WakeUpConfig                       0x0801267d   Thumb Code    18  stm32f4xx_usart.o(.text)
    USART_LINBreakDetectLengthConfig         0x0801268f   Thumb Code    18  stm32f4xx_usart.o(.text)
    USART_LINCmd                             0x080126a1   Thumb Code    24  stm32f4xx_usart.o(.text)
    USART_SendBreak                          0x080126b9   Thumb Code    10  stm32f4xx_usart.o(.text)
    USART_HalfDuplexCmd                      0x080126c3   Thumb Code    24  stm32f4xx_usart.o(.text)
    USART_SetGuardTime                       0x080126db   Thumb Code    16  stm32f4xx_usart.o(.text)
    USART_SmartCardCmd                       0x080126eb   Thumb Code    24  stm32f4xx_usart.o(.text)
    USART_SmartCardNACKCmd                   0x08012703   Thumb Code    24  stm32f4xx_usart.o(.text)
    USART_IrDAConfig                         0x0801271b   Thumb Code    18  stm32f4xx_usart.o(.text)
    USART_IrDACmd                            0x0801272d   Thumb Code    24  stm32f4xx_usart.o(.text)
    USART_DMACmd                             0x08012745   Thumb Code    18  stm32f4xx_usart.o(.text)
    USART_ITConfig                           0x08012757   Thumb Code    74  stm32f4xx_usart.o(.text)
    USART_GetFlagStatus                      0x080127a1   Thumb Code    26  stm32f4xx_usart.o(.text)
    USART_ClearFlag                          0x080127bb   Thumb Code    18  stm32f4xx_usart.o(.text)
    USART_GetITStatus                        0x080127cd   Thumb Code   118  stm32f4xx_usart.o(.text)
    USART_ClearITPendingBit                  0x08012843   Thumb Code    30  stm32f4xx_usart.o(.text)
    delay_init                               0x08012861   Thumb Code    52  delay.o(.text)
    delay_us                                 0x08012895   Thumb Code    72  delay.o(.text)
    delay_xms                                0x080128dd   Thumb Code    72  delay.o(.text)
    delay_ms                                 0x08012925   Thumb Code    56  delay.o(.text)
    _sys_exit                                0x08012965   Thumb Code     4  usart.o(.text)
    fputc                                    0x08012969   Thumb Code    22  usart.o(.text)
    uart_init                                0x0801297f   Thumb Code   164  usart.o(.text)
    USART1_IRQHandler                        0x08012a23   Thumb Code   158  usart.o(.text)
    IAP_WriteFlag                            0x08012ad1   Thumb Code    22  iap.o(.text)
    IAP_Handle                               0x08012ae7   Thumb Code    92  iap.o(.text)
    STMFLASH_ReadWord                        0x08012b99   Thumb Code     6  stmflash.o(.text)
    STMFLASH_GetFlashSector                  0x08012b9f   Thumb Code   116  stmflash.o(.text)
    STMFLASH_Write                           0x08012c13   Thumb Code   146  stmflash.o(.text)
    STMFLASH_Read                            0x08012ca5   Thumb Code    32  stmflash.o(.text)
    __use_no_semihosting                     0x08012cf5   Thumb Code     2  use_no_semi_2.o(.text)
    __2printf                                0x08012cf9   Thumb Code    20  noretval__2printf.o(.text)
    __printf                                 0x08012d11   Thumb Code   270  __printf_wp.o(.text)
    strcmp                                   0x08012e21   Thumb Code   128  strcmpv7m.o(.text)
    __use_two_region_memory                  0x08012ea1   Thumb Code     2  heapauxi.o(.text)
    __rt_heap_escrow$2region                 0x08012ea3   Thumb Code     2  heapauxi.o(.text)
    __rt_heap_expand$2region                 0x08012ea5   Thumb Code     2  heapauxi.o(.text)
    __I$use$semihosting                      0x08012ea7   Thumb Code     0  use_no_semi.o(.text)
    __use_no_semihosting_swi                 0x08012ea7   Thumb Code     2  use_no_semi.o(.text)
    __lib_sel_fp_printf                      0x08012ea9   Thumb Code     2  _printf_fp_dec.o(.text)
    _printf_fp_dec_real                      0x0801305b   Thumb Code   620  _printf_fp_dec.o(.text)
    _printf_char_file                        0x080132c9   Thumb Code    32  _printf_char_file.o(.text)
    __rt_locale                              0x080132ed   Thumb Code     8  rt_locale_intlibspace.o(.text)
    _ll_udiv10                               0x080132f5   Thumb Code   138  lludiv10.o(.text)
    _printf_char_common                      0x0801338b   Thumb Code    32  _printf_char_common.o(.text)
    _printf_fp_infnan                        0x080133b1   Thumb Code   112  _printf_fp_infnan.o(.text)
    _btod_etento                             0x08013431   Thumb Code   224  bigflt0.o(.text)
    ferror                                   0x08013515   Thumb Code     8  ferror.o(.text)
    __user_libspace                          0x0801351d   Thumb Code     8  libspace.o(.text)
    __user_perproc_libspace                  0x0801351d   Thumb Code     0  libspace.o(.text)
    __user_perthread_libspace                0x0801351d   Thumb Code     0  libspace.o(.text)
    __user_setup_stackheap                   0x08013525   Thumb Code    74  sys_stackheap_outer.o(.text)
    exit                                     0x0801356f   Thumb Code    18  exit.o(.text)
    _btod_d2e                                0x08013581   Thumb Code    62  btod.o(CL$$btod_d2e)
    _d2e_denorm_low                          0x080135bf   Thumb Code    70  btod.o(CL$$btod_d2e_denorm_low)
    _d2e_norm_op1                            0x08013605   Thumb Code    96  btod.o(CL$$btod_d2e_norm_op1)
    __btod_div_common                        0x08013665   Thumb Code   696  btod.o(CL$$btod_div_common)
    _e2e                                     0x0801399d   Thumb Code   220  btod.o(CL$$btod_e2e)
    _btod_ediv                               0x08013a79   Thumb Code    42  btod.o(CL$$btod_ediv)
    _btod_emul                               0x08013aa3   Thumb Code    42  btod.o(CL$$btod_emul)
    __btod_mult_common                       0x08013acd   Thumb Code   580  btod.o(CL$$btod_mult_common)
    __ARM_fpclassify                         0x08013d11   Thumb Code    48  fpclassify.o(i.__ARM_fpclassify)
    _is_digit                                0x08013d41   Thumb Code    14  __printf_wp.o(i._is_digit)
    _get_lc_numeric                          0x08013d51   Thumb Code    44  lc_numeric_c.o(locale$$code)
    __aeabi_d2f                              0x08013d7d   Thumb Code     0  d2f.o(x$fpl$d2f)
    _d2f                                     0x08013d7d   Thumb Code    98  d2f.o(x$fpl$d2f)
    __aeabi_ddiv                             0x08013de1   Thumb Code     0  ddiv.o(x$fpl$ddiv)
    _ddiv                                    0x08013de1   Thumb Code   552  ddiv.o(x$fpl$ddiv)
    __aeabi_ui2d                             0x08014091   Thumb Code     0  dflt_clz.o(x$fpl$dfltu)
    _dfltu                                   0x08014091   Thumb Code    38  dflt_clz.o(x$fpl$dfltu)
    __aeabi_dmul                             0x080140b9   Thumb Code     0  dmul.o(x$fpl$dmul)
    _dmul                                    0x080140b9   Thumb Code   332  dmul.o(x$fpl$dmul)
    __fpl_dnaninf                            0x0801420d   Thumb Code   156  dnaninf.o(x$fpl$dnaninf)
    __fpl_dretinf                            0x080142a9   Thumb Code    12  dretinf.o(x$fpl$dretinf)
    __aeabi_f2d                              0x080142b5   Thumb Code     0  f2d.o(x$fpl$f2d)
    _f2d                                     0x080142b5   Thumb Code    86  f2d.o(x$fpl$f2d)
    __fpl_fnaninf                            0x0801430b   Thumb Code   140  fnaninf.o(x$fpl$fnaninf)
    _fp_init                                 0x08014397   Thumb Code    10  fpinit.o(x$fpl$fpinit)
    __fplib_config_fpu_vfp                   0x0801439f   Thumb Code     0  fpinit.o(x$fpl$fpinit)
    __fplib_config_pureend_doubles           0x0801439f   Thumb Code     0  fpinit.o(x$fpl$fpinit)
    __fpl_fretinf                            0x080143a1   Thumb Code    10  fretinf.o(x$fpl$fretinf)
    _printf_fp_dec                           0x080143ab   Thumb Code     4  printf1.o(x$fpl$printf1)
    __I$use$fp                               0x080143ae   Number         0  usenofp.o(x$fpl$usenofp)
    Region$$Table$$Base                      0x08014444   Number         0  anon$$obj.o(Region$$Table)
    Region$$Table$$Limit                     0x08014464   Number         0  anon$$obj.o(Region$$Table)
    SystemCoreClock                          0x20000000   Data           4  system_stm32f4xx.o(.data)
    AHBPrescTable                            0x20000004   Data          16  system_stm32f4xx.o(.data)
    T1                                       0x20000014   Data           4  hc_sr04.o(.data)
    T2                                       0x20000018   Data           4  hc_sr04.o(.data)
    isCaptured                               0x2000001c   Data           1  hc_sr04.o(.data)
    __stdout                                 0x20000034   Data           4  usart.o(.data)
    USART_RX_STA                             0x20000038   Data           2  usart.o(.data)
    USART_RX_BUF                             0x2000003c   Data         200  usart.o(.bss)
    __libspace_start                         0x200001cc   Data          96  libspace.o(.bss)
    __temporary_stack_top$libspace           0x2000022c   Data           0  libspace.o(.bss)



==============================================================================

Memory Map of the image

  Image Entry point : 0x08010189

  Load Region LR_IROM1 (Base: 0x08010000, Size: 0x000044bc, Max: 0x00100000, ABSOLUTE)

    Execution Region ER_IROM1 (Exec base: 0x08010000, Load base: 0x08010000, Size: 0x00004480, Max: 0x00100000, ABSOLUTE)

    Exec Addr    Load Addr    Size         Type   Attr      Idx    E Section Name        Object

    0x08010000   0x08010000   0x00000188   Data   RO          219    RESET               startup_stm32f40_41xxx.o
    0x08010188   0x08010188   0x00000008   Code   RO         1135  * !!!main             c_w.l(__main.o)
    0x08010190   0x08010190   0x00000034   Code   RO         1373    !!!scatter          c_w.l(__scatter.o)
    0x080101c4   0x080101c4   0x0000001a   Code   RO         1375    !!handler_copy      c_w.l(__scatter_copy.o)
    0x080101de   0x080101de   0x00000002   PAD
    0x080101e0   0x080101e0   0x0000001c   Code   RO         1377    !!handler_zi        c_w.l(__scatter_zi.o)
    0x080101fc   0x080101fc   0x00000000   Code   RO         1130    .ARM.Collect$$_printf_percent$$00000000  c_w.l(_printf_percent.o)
    0x080101fc   0x080101fc   0x00000006   Code   RO         1129    .ARM.Collect$$_printf_percent$$00000003  c_w.l(_printf_f.o)
    0x08010202   0x08010202   0x00000004   Code   RO         1162    .ARM.Collect$$_printf_percent$$00000017  c_w.l(_printf_percent_end.o)
    0x08010206   0x08010206   0x00000002   Code   RO         1248    .ARM.Collect$$libinit$$00000000  c_w.l(libinit.o)
    0x08010208   0x08010208   0x00000004   Code   RO         1249    .ARM.Collect$$libinit$$00000001  c_w.l(libinit2.o)
    0x0801020c   0x0801020c   0x00000000   Code   RO         1252    .ARM.Collect$$libinit$$00000004  c_w.l(libinit2.o)
    0x0801020c   0x0801020c   0x00000000   Code   RO         1255    .ARM.Collect$$libinit$$0000000A  c_w.l(libinit2.o)
    0x0801020c   0x0801020c   0x00000000   Code   RO         1257    .ARM.Collect$$libinit$$0000000C  c_w.l(libinit2.o)
    0x0801020c   0x0801020c   0x00000000   Code   RO         1259    .ARM.Collect$$libinit$$0000000E  c_w.l(libinit2.o)
    0x0801020c   0x0801020c   0x00000006   Code   RO         1260    .ARM.Collect$$libinit$$0000000F  c_w.l(libinit2.o)
    0x08010212   0x08010212   0x00000000   Code   RO         1262    .ARM.Collect$$libinit$$00000011  c_w.l(libinit2.o)
    0x08010212   0x08010212   0x00000000   Code   RO         1264    .ARM.Collect$$libinit$$00000013  c_w.l(libinit2.o)
    0x08010212   0x08010212   0x00000000   Code   RO         1266    .ARM.Collect$$libinit$$00000015  c_w.l(libinit2.o)
    0x08010212   0x08010212   0x0000000a   Code   RO         1267    .ARM.Collect$$libinit$$00000016  c_w.l(libinit2.o)
    0x0801021c   0x0801021c   0x00000000   Code   RO         1268    .ARM.Collect$$libinit$$00000017  c_w.l(libinit2.o)
    0x0801021c   0x0801021c   0x00000000   Code   RO         1270    .ARM.Collect$$libinit$$00000019  c_w.l(libinit2.o)
    0x0801021c   0x0801021c   0x00000000   Code   RO         1272    .ARM.Collect$$libinit$$0000001B  c_w.l(libinit2.o)
    0x0801021c   0x0801021c   0x00000000   Code   RO         1274    .ARM.Collect$$libinit$$0000001D  c_w.l(libinit2.o)
    0x0801021c   0x0801021c   0x00000000   Code   RO         1276    .ARM.Collect$$libinit$$0000001F  c_w.l(libinit2.o)
    0x0801021c   0x0801021c   0x00000000   Code   RO         1278    .ARM.Collect$$libinit$$00000021  c_w.l(libinit2.o)
    0x0801021c   0x0801021c   0x00000000   Code   RO         1280    .ARM.Collect$$libinit$$00000023  c_w.l(libinit2.o)
    0x0801021c   0x0801021c   0x00000000   Code   RO         1282    .ARM.Collect$$libinit$$00000025  c_w.l(libinit2.o)
    0x0801021c   0x0801021c   0x00000000   Code   RO         1286    .ARM.Collect$$libinit$$0000002C  c_w.l(libinit2.o)
    0x0801021c   0x0801021c   0x00000000   Code   RO         1288    .ARM.Collect$$libinit$$0000002E  c_w.l(libinit2.o)
    0x0801021c   0x0801021c   0x00000000   Code   RO         1290    .ARM.Collect$$libinit$$00000030  c_w.l(libinit2.o)
    0x0801021c   0x0801021c   0x00000000   Code   RO         1292    .ARM.Collect$$libinit$$00000032  c_w.l(libinit2.o)
    0x0801021c   0x0801021c   0x00000002   Code   RO         1293    .ARM.Collect$$libinit$$00000033  c_w.l(libinit2.o)
    0x0801021e   0x0801021e   0x00000002   Code   RO         1321    .ARM.Collect$$libshutdown$$00000000  c_w.l(libshutdown.o)
    0x08010220   0x08010220   0x00000000   Code   RO         1330    .ARM.Collect$$libshutdown$$00000002  c_w.l(libshutdown2.o)
    0x08010220   0x08010220   0x00000000   Code   RO         1332    .ARM.Collect$$libshutdown$$00000004  c_w.l(libshutdown2.o)
    0x08010220   0x08010220   0x00000000   Code   RO         1334    .ARM.Collect$$libshutdown$$00000006  c_w.l(libshutdown2.o)
    0x08010220   0x08010220   0x00000000   Code   RO         1337    .ARM.Collect$$libshutdown$$00000009  c_w.l(libshutdown2.o)
    0x08010220   0x08010220   0x00000000   Code   RO         1340    .ARM.Collect$$libshutdown$$0000000C  c_w.l(libshutdown2.o)
    0x08010220   0x08010220   0x00000000   Code   RO         1342    .ARM.Collect$$libshutdown$$0000000E  c_w.l(libshutdown2.o)
    0x08010220   0x08010220   0x00000000   Code   RO         1345    .ARM.Collect$$libshutdown$$00000011  c_w.l(libshutdown2.o)
    0x08010220   0x08010220   0x00000002   Code   RO         1346    .ARM.Collect$$libshutdown$$00000012  c_w.l(libshutdown2.o)
    0x08010222   0x08010222   0x00000000   Code   RO         1157    .ARM.Collect$$rtentry$$00000000  c_w.l(__rtentry.o)
    0x08010222   0x08010222   0x00000000   Code   RO         1173    .ARM.Collect$$rtentry$$00000002  c_w.l(__rtentry2.o)
    0x08010222   0x08010222   0x00000006   Code   RO         1185    .ARM.Collect$$rtentry$$00000004  c_w.l(__rtentry4.o)
    0x08010228   0x08010228   0x00000000   Code   RO         1175    .ARM.Collect$$rtentry$$00000009  c_w.l(__rtentry2.o)
    0x08010228   0x08010228   0x00000004   Code   RO         1176    .ARM.Collect$$rtentry$$0000000A  c_w.l(__rtentry2.o)
    0x0801022c   0x0801022c   0x00000000   Code   RO         1178    .ARM.Collect$$rtentry$$0000000C  c_w.l(__rtentry2.o)
    0x0801022c   0x0801022c   0x00000008   Code   RO         1179    .ARM.Collect$$rtentry$$0000000D  c_w.l(__rtentry2.o)
    0x08010234   0x08010234   0x00000002   Code   RO         1294    .ARM.Collect$$rtexit$$00000000  c_w.l(rtexit.o)
    0x08010236   0x08010236   0x00000000   Code   RO         1301    .ARM.Collect$$rtexit$$00000002  c_w.l(rtexit2.o)
    0x08010236   0x08010236   0x00000004   Code   RO         1302    .ARM.Collect$$rtexit$$00000003  c_w.l(rtexit2.o)
    0x0801023a   0x0801023a   0x00000006   Code   RO         1303    .ARM.Collect$$rtexit$$00000004  c_w.l(rtexit2.o)
    0x08010240   0x08010240   0x00000060   Code   RO            3    .text               main.o
    0x080102a0   0x080102a0   0x0000001a   Code   RO          147    .text               stm32f4xx_it.o
    0x080102ba   0x080102ba   0x00000002   PAD
    0x080102bc   0x080102bc   0x00000210   Code   RO          170    .text               system_stm32f4xx.o
    0x080104cc   0x080104cc   0x000001f8   Code   RO          196    .text               hc_sr04.o
    0x080106c4   0x080106c4   0x00000040   Code   RO          220    .text               startup_stm32f40_41xxx.o
    0x08010704   0x08010704   0x000000e0   Code   RO          226    .text               misc.o
    0x080107e4   0x080107e4   0x00000694   Code   RO          535    .text               stm32f4xx_flash.o
    0x08010e78   0x08010e78   0x00000294   Code   RO          601    .text               stm32f4xx_gpio.o
    0x0801110c   0x0801110c   0x0000065c   Code   RO          764    .text               stm32f4xx_rcc.o
    0x08011768   0x08011768   0x00000ca2   Code   RO          909    .text               stm32f4xx_tim.o
    0x0801240a   0x0801240a   0x00000002   PAD
    0x0801240c   0x0801240c   0x00000454   Code   RO          929    .text               stm32f4xx_usart.o
    0x08012860   0x08012860   0x00000104   Code   RO          969    .text               delay.o
    0x08012964   0x08012964   0x0000016c   Code   RO         1009    .text               usart.o
    0x08012ad0   0x08012ad0   0x000000c8   Code   RO         1043    .text               iap.o
    0x08012b98   0x08012b98   0x0000015c   Code   RO         1077    .text               stmflash.o
    0x08012cf4   0x08012cf4   0x00000002   Code   RO         1101    .text               c_w.l(use_no_semi_2.o)
    0x08012cf6   0x08012cf6   0x00000002   PAD
    0x08012cf8   0x08012cf8   0x00000018   Code   RO         1105    .text               c_w.l(noretval__2printf.o)
    0x08012d10   0x08012d10   0x0000010e   Code   RO         1117    .text               c_w.l(__printf_wp.o)
    0x08012e1e   0x08012e1e   0x00000002   PAD
    0x08012e20   0x08012e20   0x00000080   Code   RO         1131    .text               c_w.l(strcmpv7m.o)
    0x08012ea0   0x08012ea0   0x00000006   Code   RO         1133    .text               c_w.l(heapauxi.o)
    0x08012ea6   0x08012ea6   0x00000002   Code   RO         1155    .text               c_w.l(use_no_semi.o)
    0x08012ea8   0x08012ea8   0x0000041e   Code   RO         1158    .text               c_w.l(_printf_fp_dec.o)
    0x080132c6   0x080132c6   0x00000002   PAD
    0x080132c8   0x080132c8   0x00000024   Code   RO         1160    .text               c_w.l(_printf_char_file.o)
    0x080132ec   0x080132ec   0x00000008   Code   RO         1190    .text               c_w.l(rt_locale_intlibspace.o)
    0x080132f4   0x080132f4   0x0000008a   Code   RO         1192    .text               c_w.l(lludiv10.o)
    0x0801337e   0x0801337e   0x00000002   PAD
    0x08013380   0x08013380   0x00000030   Code   RO         1194    .text               c_w.l(_printf_char_common.o)
    0x080133b0   0x080133b0   0x00000080   Code   RO         1196    .text               c_w.l(_printf_fp_infnan.o)
    0x08013430   0x08013430   0x000000e4   Code   RO         1198    .text               c_w.l(bigflt0.o)
    0x08013514   0x08013514   0x00000008   Code   RO         1223    .text               c_w.l(ferror.o)
    0x0801351c   0x0801351c   0x00000008   Code   RO         1234    .text               c_w.l(libspace.o)
    0x08013524   0x08013524   0x0000004a   Code   RO         1237    .text               c_w.l(sys_stackheap_outer.o)
    0x0801356e   0x0801356e   0x00000012   Code   RO         1241    .text               c_w.l(exit.o)
    0x08013580   0x08013580   0x0000003e   Code   RO         1201    CL$$btod_d2e        c_w.l(btod.o)
    0x080135be   0x080135be   0x00000046   Code   RO         1203    CL$$btod_d2e_denorm_low  c_w.l(btod.o)
    0x08013604   0x08013604   0x00000060   Code   RO         1202    CL$$btod_d2e_norm_op1  c_w.l(btod.o)
    0x08013664   0x08013664   0x00000338   Code   RO         1211    CL$$btod_div_common  c_w.l(btod.o)
    0x0801399c   0x0801399c   0x000000dc   Code   RO         1208    CL$$btod_e2e        c_w.l(btod.o)
    0x08013a78   0x08013a78   0x0000002a   Code   RO         1205    CL$$btod_ediv       c_w.l(btod.o)
    0x08013aa2   0x08013aa2   0x0000002a   Code   RO         1204    CL$$btod_emul       c_w.l(btod.o)
    0x08013acc   0x08013acc   0x00000244   Code   RO         1210    CL$$btod_mult_common  c_w.l(btod.o)
    0x08013d10   0x08013d10   0x00000030   Code   RO         1232    i.__ARM_fpclassify  m_wm.l(fpclassify.o)
    0x08013d40   0x08013d40   0x0000000e   Code   RO         1119    i._is_digit         c_w.l(__printf_wp.o)
    0x08013d4e   0x08013d4e   0x00000002   PAD
    0x08013d50   0x08013d50   0x0000002c   Code   RO         1228    locale$$code        c_w.l(lc_numeric_c.o)
    0x08013d7c   0x08013d7c   0x00000062   Code   RO         1137    x$fpl$d2f           fz_wm.l(d2f.o)
    0x08013dde   0x08013dde   0x00000002   PAD
    0x08013de0   0x08013de0   0x000002b0   Code   RO         1140    x$fpl$ddiv          fz_wm.l(ddiv.o)
    0x08014090   0x08014090   0x00000026   Code   RO         1143    x$fpl$dfltu         fz_wm.l(dflt_clz.o)
    0x080140b6   0x080140b6   0x00000002   PAD
    0x080140b8   0x080140b8   0x00000154   Code   RO         1149    x$fpl$dmul          fz_wm.l(dmul.o)
    0x0801420c   0x0801420c   0x0000009c   Code   RO         1163    x$fpl$dnaninf       fz_wm.l(dnaninf.o)
    0x080142a8   0x080142a8   0x0000000c   Code   RO         1165    x$fpl$dretinf       fz_wm.l(dretinf.o)
    0x080142b4   0x080142b4   0x00000056   Code   RO         1151    x$fpl$f2d           fz_wm.l(f2d.o)
    0x0801430a   0x0801430a   0x0000008c   Code   RO         1167    x$fpl$fnaninf       fz_wm.l(fnaninf.o)
    0x08014396   0x08014396   0x0000000a   Code   RO         1298    x$fpl$fpinit        fz_wm.l(fpinit.o)
    0x080143a0   0x080143a0   0x0000000a   Code   RO         1169    x$fpl$fretinf       fz_wm.l(fretinf.o)
    0x080143aa   0x080143aa   0x00000004   Code   RO         1153    x$fpl$printf1       fz_wm.l(printf1.o)
    0x080143ae   0x080143ae   0x00000000   Code   RO         1171    x$fpl$usenofp       fz_wm.l(usenofp.o)
    0x080143ae   0x080143ae   0x00000002   PAD
    0x080143b0   0x080143b0   0x00000094   Data   RO         1199    .constdata          c_w.l(bigflt0.o)
    0x08014444   0x08014444   0x00000020   Data   RO         1371    Region$$Table       anon$$obj.o
    0x08014464   0x08014464   0x0000001c   Data   RO         1227    locale$$data        c_w.l(lc_numeric_c.o)


    Execution Region RW_IRAM1 (Exec base: 0x20000000, Load base: 0x08014480, Size: 0x00000830, Max: 0x00020000, ABSOLUTE)

    Exec Addr    Load Addr    Size         Type   Attr      Idx    E Section Name        Object

    0x20000000   0x08014480   0x00000014   Data   RW          171    .data               system_stm32f4xx.o
    0x20000014   0x08014494   0x00000009   Data   RW          197    .data               hc_sr04.o
    0x2000001d   0x0801449d   0x00000010   Data   RW          765    .data               stm32f4xx_rcc.o
    0x2000002d   0x080144ad   0x00000001   PAD
    0x2000002e   0x080144ae   0x00000004   Data   RW          970    .data               delay.o
    0x20000032   0x080144b2   0x00000002   PAD
    0x20000034   0x080144b4   0x00000008   Data   RW         1011    .data               usart.o
    0x2000003c        -       0x00000190   Zero   RW         1010    .bss                usart.o
    0x200001cc        -       0x00000060   Zero   RW         1235    .bss                c_w.l(libspace.o)
    0x2000022c   0x080144bc   0x00000004   PAD
    0x20000230        -       0x00000200   Zero   RW          218    HEAP                startup_stm32f40_41xxx.o
    0x20000430        -       0x00000400   Zero   RW          217    STACK               startup_stm32f40_41xxx.o


==============================================================================

Image component sizes


      Code (inc. data)   RO Data    RW Data    ZI Data      Debug   Object Name

       260          8          0          4          0       1461   delay.o
       504         42          0          9          0       1954   hc_sr04.o
       200         56          0          0          0      27530   iap.o
        96         20          0          0          0     290999   main.o
       224         20          0          0          0     230929   misc.o
        64         26        392          0       1536        976   startup_stm32f40_41xxx.o
      1684         28          0          0          0       9402   stm32f4xx_flash.o
       660         44          0          0          0       4141   stm32f4xx_gpio.o
        26          0          0          0          0       1214   stm32f4xx_it.o
      1628         52          0         16          0      13008   stm32f4xx_rcc.o
      3234         60          0          0          0      22996   stm32f4xx_tim.o
      1108         34          0          0          0       7864   stm32f4xx_usart.o
       348         48          0          0          0       2201   stmflash.o
       528         46          0         20          0       1751   system_stm32f4xx.o
       364         16          0          8        400       3370   usart.o

    ----------------------------------------------------------------------
     10932        500        424         60       1936     619796   Object Totals
         0          0         32          0          0          0   (incl. Generated)
         4          0          0          3          0          0   (incl. Padding)

    ----------------------------------------------------------------------

      Code (inc. data)   RO Data    RW Data    ZI Data      Debug   Library Member Name

         8          0          0          0          0         68   __main.o
       284          0          0          0          0        156   __printf_wp.o
         0          0          0          0          0          0   __rtentry.o
        12          0          0          0          0          0   __rtentry2.o
         6          0          0          0          0          0   __rtentry4.o
        52          8          0          0          0          0   __scatter.o
        26          0          0          0          0          0   __scatter_copy.o
        28          0          0          0          0          0   __scatter_zi.o
        48          6          0          0          0         96   _printf_char_common.o
        36          4          0          0          0         80   _printf_char_file.o
         6          0          0          0          0          0   _printf_f.o
      1054          0          0          0          0        216   _printf_fp_dec.o
       128         16          0          0          0         84   _printf_fp_infnan.o
         0          0          0          0          0          0   _printf_percent.o
         4          0          0          0          0          0   _printf_percent_end.o
       228          4        148          0          0         96   bigflt0.o
      1936        128          0          0          0        672   btod.o
        18          0          0          0          0         80   exit.o
         8          0          0          0          0         68   ferror.o
         6          0          0          0          0        152   heapauxi.o
        44         10         28          0          0         76   lc_numeric_c.o
         2          0          0          0          0          0   libinit.o
        22          0          0          0          0          0   libinit2.o
         2          0          0          0          0          0   libshutdown.o
         2          0          0          0          0          0   libshutdown2.o
         8          4          0          0         96         68   libspace.o
       138          0          0          0          0         80   lludiv10.o
        24          4          0          0          0         84   noretval__2printf.o
         8          4          0          0          0         68   rt_locale_intlibspace.o
         2          0          0          0          0          0   rtexit.o
        10          0          0          0          0          0   rtexit2.o
       128          0          0          0          0         68   strcmpv7m.o
        74          0          0          0          0         80   sys_stackheap_outer.o
         2          0          0          0          0         68   use_no_semi.o
         2          0          0          0          0         68   use_no_semi_2.o
        98          4          0          0          0        140   d2f.o
       688        140          0          0          0        256   ddiv.o
        38          0          0          0          0        116   dflt_clz.o
       340         12          0          0          0        152   dmul.o
       156          4          0          0          0        140   dnaninf.o
        12          0          0          0          0        116   dretinf.o
        86          4          0          0          0        132   f2d.o
       140          4          0          0          0        132   fnaninf.o
        10          0          0          0          0        116   fpinit.o
        10          0          0          0          0        116   fretinf.o
         4          0          0          0          0        116   printf1.o
         0          0          0          0          0          0   usenofp.o
        48          0          0          0          0        124   fpclassify.o

    ----------------------------------------------------------------------
      6004        356        176          0        100       4084   Library Totals
        18          0          0          0          4          0   (incl. Padding)

    ----------------------------------------------------------------------

      Code (inc. data)   RO Data    RW Data    ZI Data      Debug   Library Name

      4356        188        176          0         96       2428   c_w.l
      1582        168          0          0          0       1532   fz_wm.l
        48          0          0          0          0        124   m_wm.l

    ----------------------------------------------------------------------
      6004        356        176          0        100       4084   Library Totals

    ----------------------------------------------------------------------

==============================================================================


      Code (inc. data)   RO Data    RW Data    ZI Data      Debug   

     16936        856        600         60       2036     618480   Grand Totals
     16936        856        600         60       2036     618480   ELF Image Totals
     16936        856        600         60          0          0   ROM Totals

==============================================================================

    Total RO  Size (Code + RO Data)                17536 (  17.13kB)
    Total RW  Size (RW Data + ZI Data)              2096 (   2.05kB)
    Total ROM Size (Code + RO Data + RW Data)      17596 (  17.18kB)

==============================================================================

